BL51 BANKED LINKER/LOCATER V6.22                                                        05/17/2019  16:38:39  PAGE 1


BL51 BANKED LINKER/LOCATER V6.22, INVOKED BY:
D:\KEIL4\C51\BIN\BL51.EXE .\Objects\ir.obj, .\Objects\key.obj, .\Objects\led.obj, .\Objects\main.obj, .\Objects\time.obj
>> , .\Objects\uart1.obj, .\Objects\STARTUP.obj, .\Objects\console.obj, .\Objects\util.obj, .\Objects\rtc.obj, .\Objects
>> \eeprom.obj, .\Objects\m25p80.obj, .\Objects\xmodem.obj TO .\Objects\demo PRINT (.\Listings\demo.m51) RAMSIZE (256)


MEMORY MODEL: SMALL


INPUT MODULES INCLUDED:
  .\Objects\ir.obj (IR)
  .\Objects\key.obj (KEY)
  .\Objects\led.obj (LED)
  .\Objects\main.obj (MAIN)
  .\Objects\time.obj (TIME)
  .\Objects\uart1.obj (UART1)
  .\Objects\STARTUP.obj (?C_STARTUP)
  .\Objects\console.obj (CONSOLE)
  .\Objects\util.obj (UTIL)
  .\Objects\rtc.obj (RTC)
  .\Objects\eeprom.obj (EEPROM)
  .\Objects\m25p80.obj (M25P80)
  .\Objects\xmodem.obj (XMODEM)
  D:\KEIL4\C51\LIB\C51S.LIB (?C_INIT)
  D:\KEIL4\C51\LIB\C51S.LIB (?C?COPY)
  D:\KEIL4\C51\LIB\C51S.LIB (?C?CLDPTR)
  D:\KEIL4\C51\LIB\C51S.LIB (?C?CLDOPTR)
  D:\KEIL4\C51\LIB\C51S.LIB (?C?CSTPTR)
  D:\KEIL4\C51\LIB\C51S.LIB (?C?CSTOPTR)
  D:\KEIL4\C51\LIB\C51S.LIB (?C?IMUL)
  D:\KEIL4\C51\LIB\C51S.LIB (?C?UIDIV)
  D:\KEIL4\C51\LIB\C51S.LIB (?C?IILDX)
  D:\KEIL4\C51\LIB\C51S.LIB (?C?ILDPTR)
  D:\KEIL4\C51\LIB\C51S.LIB (?C?ISTPTR)
  D:\KEIL4\C51\LIB\C51S.LIB (?C?ULDIV)
  D:\KEIL4\C51\LIB\C51S.LIB (?C?SLCMP)
  D:\KEIL4\C51\LIB\C51S.LIB (?C?ULCMP)
  D:\KEIL4\C51\LIB\C51S.LIB (?C?ULSHR)
  D:\KEIL4\C51\LIB\C51S.LIB (?C?LSHL)
  D:\KEIL4\C51\LIB\C51S.LIB (?C?LLDIDATA)
  D:\KEIL4\C51\LIB\C51S.LIB (?C?LLDIDATA0)
  D:\KEIL4\C51\LIB\C51S.LIB (?C?LSTIDATA)
  D:\KEIL4\C51\LIB\C51S.LIB (?C?LSTXDATA)
  D:\KEIL4\C51\LIB\C51S.LIB (?C?LSTKXDATA)
  D:\KEIL4\C51\LIB\C51S.LIB (?C?PLDPTR)
  D:\KEIL4\C51\LIB\C51S.LIB (?C?PSTPTR)
  D:\KEIL4\C51\LIB\C51S.LIB (?C?PLDOPTR)
  D:\KEIL4\C51\LIB\C51S.LIB (?C?CCASE)
  D:\KEIL4\C51\LIB\C51S.LIB (PRINTF)
  D:\KEIL4\C51\LIB\C51S.LIB (SCANF)
  D:\KEIL4\C51\LIB\C51S.LIB (?C?STRCMP)
  D:\KEIL4\C51\LIB\C51S.LIB (STRLEN)
  D:\KEIL4\C51\LIB\C51S.LIB (ATOL)
  D:\KEIL4\C51\LIB\C51S.LIB (?C?MEMSET)
  D:\KEIL4\C51\LIB\C51S.LIB (?C?LMUL)
  D:\KEIL4\C51\LIB\C51S.LIB (?C?LNEG)
  D:\KEIL4\C51\LIB\C51S.LIB (?C?LSTPTR)
  D:\KEIL4\C51\LIB\C51S.LIB (?C?PLDIDATA)
BL51 BANKED LINKER/LOCATER V6.22                                                      05/17/2019  16:38:39  PAGE 2


  D:\KEIL4\C51\LIB\C51S.LIB (?C?PLDIIDATA)
  D:\KEIL4\C51\LIB\C51S.LIB (?C?PILDIDATA)
  D:\KEIL4\C51\LIB\C51S.LIB (?C?PSTIDATA)
  D:\KEIL4\C51\LIB\C51S.LIB (?C?PLDXDATA)
  D:\KEIL4\C51\LIB\C51S.LIB (?C?PSTXDATA)
  D:\KEIL4\C51\LIB\C51S.LIB (?C?PLDPDATA)
  D:\KEIL4\C51\LIB\C51S.LIB (?C?PSTPDATA)
  D:\KEIL4\C51\LIB\C51S.LIB (?C?PLDCODE)
  D:\KEIL4\C51\LIB\C51S.LIB (GETCHAR)
  D:\KEIL4\C51\LIB\C51S.LIB (UNGETC)
  D:\KEIL4\C51\LIB\C51S.LIB (ISDIGIT)
  D:\KEIL4\C51\LIB\C51S.LIB (ISSPACE)
  D:\KEIL4\C51\LIB\C51S.LIB (?C?LSTPDATA)
  D:\KEIL4\C51\LIB\C51S.LIB (_GETKEY)


LINK MAP OF MODULE:  .\Objects\demo (IR)


            TYPE    BASE      LENGTH    RELOCATION   SEGMENT NAME
            -----------------------------------------------------

            * * * * * * *   D A T A   M E M O R Y   * * * * * * *
            REG     0000H     0008H     ABSOLUTE     "REG BANK 0"
            DATA    0008H     0001H     UNIT         ?DT?GETCHAR
            IDATA   0009H     0011H     UNIT         ?ID?KEY
                    001AH     0006H                  *** GAP ***
            BIT     0020H.0   0001H.1   UNIT         _BIT_GROUP_
            BIT     0021H.1   0000H.1   UNIT         ?BI?GETCHAR
                    0021H.2   0000H.6                *** GAP ***
            DATA    0022H     005BH     UNIT         _DATA_GROUP_
            IDATA   007DH     000FH     UNIT         ?ID?IR
            IDATA   008CH     000BH     UNIT         ?ID?LED
            IDATA   0097H     000BH     UNIT         ?ID?TIME
            IDATA   00A2H     0001H     UNIT         ?STACK

            * * * * * * *  X D A T A   M E M O R Y  * * * * * * *
            XDATA   0000H     00CAH     UNIT         ?XD?IR
            XDATA   00CAH     00A5H     UNIT         _XDATA_GROUP_
            XDATA   016FH     008EH     UNIT         ?XD?UART1
            XDATA   01FDH     0060H     UNIT         ?XD?CONSOLE
            XDATA   025DH     000BH     UNIT         ?XD?M25P80
            XDATA   0268H     0001H     UNIT         ?XD?XMODEM

            * * * * * * *   C O D E   M E M O R Y   * * * * * * *
            CODE    0000H     0003H     ABSOLUTE     
            CODE    0003H     0003H     ABSOLUTE     
            CODE    0006H     0005H     UNIT         ?PR?DELAY1US?TIME
            CODE    000BH     0003H     ABSOLUTE     
            CODE    000EH     0015H     UNIT         ?PR?SCANKEYCODE?KEY
            CODE    0023H     0003H     ABSOLUTE     
            CODE    0026H     0725H     UNIT         ?C?LIB_CODE
            CODE    074BH     0458H     UNIT         ?PR?IR_TASK?IR
            CODE    0BA3H     035CH     UNIT         ?PR?PRINTF?PRINTF
            CODE    0EFFH     0317H     UNIT         ?PR?SCANF?SCANF
            CODE    1216H     02FBH     UNIT         ?PR?_XMODEM_SENDFILE?XMODEM
            CODE    1511H     02AEH     UNIT         ?PR?_XMODEM_RECEIVEFILE?XMODEM
BL51 BANKED LINKER/LOCATER V6.22                                                      05/17/2019  16:38:39  PAGE 3


            CODE    17BFH     0295H     UNIT         ?PR?PROCESSKEY?KEY
            CODE    1A54H     01E6H     UNIT         ?CO?KEY
            CODE    1C3AH     01D9H     UNIT         ?PR?_PROCESSONELINE?CONSOLE
            CODE    1E13H     01ACH     UNIT         ?CO?RTC
            CODE    1FBFH     0194H     UNIT         ?PR?_RTC_GETWEEKDAYOFDAY?RTC
            CODE    2153H     0189H     UNIT         ?CO?CONSOLE
            CODE    22DCH     0187H     UNIT         ?PR?_RTC_TESTMAIN?RTC
            CODE    2463H     0185H     UNIT         ?PR?_XMODEM_MAIN?XMODEM
            CODE    25E8H     017CH     UNIT         ?CO?XMODEM
            CODE    2764H     011BH     UNIT         ?PR?KEY_TASK?KEY
            CODE    287FH     0116H     UNIT         ?PR?_M25P80_WRITE?M25P80
            CODE    2995H     0100H     UNIT         ?PR?_EEPROM_READ?EEPROM
            CODE    2A95H     00EEH     UNIT         ?PR?_RTC_GETCALENDAR?RTC
            CODE    2B83H     00DEH     UNIT         ?PR?_ATOL?ATOL
            CODE    2C61H     00DDH     UNIT         ?PR?_IRCODETOKEYCODEZHONGJIU?IR
            CODE    2D3EH     00D9H     UNIT         ?PR?TICK_TASK?TIME
            CODE    2E17H     00D7H     UNIT         ?PR?_PAGEPROGRAM?EEPROM
            CODE    2EEEH     00C4H     UNIT         ?PR?LED_TASK?LED
            CODE    2FB2H     00B6H     UNIT         ?PR?_PAGEPROGRAM?M25P80
            CODE    3068H     00B6H     UNIT         ?CO?M25P80
            CODE    311EH     00B1H     UNIT         ?CO?IR
            CODE    31CFH     00B0H     UNIT         ?PR?_PACKISVALID?XMODEM
            CODE    327FH     00ACH     UNIT         ?PR?_RTC_SETCALENDAR?RTC
            CODE    332BH     00AAH     UNIT         ?PR?EINT0_ISR?IR
            CODE    33D5H     009AH     UNIT         ?C_C51STARTUP
            CODE    346FH     009AH     UNIT         ?CO?EEPROM
            CODE    3509H     0095H     UNIT         ?PR?CONSOLE_TASK?CONSOLE
            CODE    359EH     0092H     UNIT         ?PR?_PCF8563READBYTES?RTC
            CODE    3630H     0092H     UNIT         ?PR?RTC_INITIALIZATION?RTC
            CODE    36C2H     0091H     UNIT         ?PR?_EEPROM_WRITE?EEPROM
            CODE    3753H     008DH     UNIT         ?PR?_M25P80_READ?M25P80
            CODE    37E0H     008BH     UNIT         ?PR?_EEPROM_TESTMAIN?EEPROM
            CODE    386BH     008BH     UNIT         ?PR?_M25P80_TESTMAIN?M25P80
            CODE    38F6H     0089H     UNIT         ?PR?_IRCODETOKEYCODE?IR
            CODE    397FH     0085H     UNIT         ?PR?_CRC_CALCCCITT16NIBBLEVER?UTIL
            CODE    3A04H     0077H     UNIT         ?PR?_I2C_SENDBYTECHECKACK?EEPROM
            CODE    3A7BH     0075H     UNIT         ?PR?_GETFIRSTWEEKDAYOFYEAR?RTC
            CODE    3AF0H     006CH     UNIT         ?PR?UART1_IRQHANDLER?UART1
            CODE    3B5CH     006AH     UNIT         ?PR?_PCF8563WRITEBYTES?RTC
            CODE    3BC6H     0066H     UNIT         ?PR?_LED_SETFLASHMODE?LED
            CODE    3C2CH     0066H     UNIT         ?PR?I2C_RECEIVEBYTEWITHOUTACK?EEPROM
            CODE    3C92H     0064H     UNIT         ?PR?I2C_RECEIVEBYTEWITHACK?EEPROM
            CODE    3CF6H     0064H     UNIT         ?PR?WRITEENABLE?M25P80
            CODE    3D5AH     005FH     UNIT         ?PR?_STRSEP?UTIL
            CODE    3DB9H     0059H     UNIT         ?PR?BUSYWAIT?M25P80
            CODE    3E12H     0054H     UNIT         ?PR?_STRPBRK?UTIL
            CODE    3E66H     004EH     UNIT         ?PR?_UART1_READ?UART1
            CODE    3EB4H     004BH     UNIT         ?PR?M25P80_ERASECHIP?M25P80
            CODE    3EFFH     0048H     UNIT         ?PR?MAIN?MAIN
            CODE    3F47H     0045H     UNIT         ?PR?_KEY_GETKEYCODE?KEY
            CODE    3F8CH     0044H     UNIT         ?PR?_TIME_HOGGINGDELAYUS?TIME
            CODE    3FD0H     003BH     UNIT         ?PR?_SECTORERASE?M25P80
            CODE    400BH     0038H     UNIT         ?PR?I2C_STOPCONDITION?EEPROM
            CODE    4043H     0029H     UNIT         ?PR?_KEY_INSERTKEYCODE?KEY
            CODE    406CH     0029H     UNIT         ?PR?_ISLEAPYEAR?RTC
            CODE    4095H     0029H     UNIT         ?PR?_WRITEFLASH?XMODEM
            CODE    40BEH     0026H     UNIT         ?PR?_UART1_WRITE?UART1
BL51 BANKED LINKER/LOCATER V6.22                                                      05/17/2019  16:38:39  PAGE 4


            CODE    40E4H     0022H     UNIT         ?PR?INITSTC8A?MAIN
            CODE    4106H     0021H     UNIT         ?PR?I2C_STARTCONDITION?EEPROM
            CODE    4127H     0020H     UNIT         ?CO?UTIL
            CODE    4147H     001EH     UNIT         ?PR?_SPI_EXCHANGEBYTE?M25P80
            CODE    4165H     001DH     UNIT         ?PR?_BIN2BCD?RTC
            CODE    4182H     001CH     UNIT         ?C_INITSEG
            CODE    419EH     0018H     UNIT         ?PR?TIMER0_ISR?TIME
            CODE    41B6H     0015H     UNIT         ?PR?_WRITESTATUSREG?M25P80
            CODE    41CBH     0015H     UNIT         ?PR?_STRLEN?STRLEN
            CODE    41E0H     0014H     UNIT         ?PR?_SENDACK?XMODEM
            CODE    41F4H     0013H     UNIT         ?PR?_TIME_HOGGINGDELAYMS?TIME
            CODE    4207H     0013H     UNIT         ?PR?_ISSPACE?ISSPACE
            CODE    421AH     0012H     UNIT         ?PR?TIME_INITIALIZATION?TIME
            CODE    422CH     0011H     UNIT         ?PR?GETCHAR?GETCHAR
            CODE    423DH     000FH     UNIT         ?CO?LED
            CODE    424CH     000FH     UNIT         ?CO?MAIN
            CODE    425BH     000FH     UNIT         ?PR?UART1_INITIALIZATION?UART1
            CODE    426AH     000FH     UNIT         ?PR?_BCD2BIN?RTC
            CODE    4279H     000FH     UNIT         ?PR?ENDCOMMAND?M25P80
            CODE    4288H     000FH     UNIT         ?PR?M25P80_INITIALIZATION?M25P80
            CODE    4297H     000FH     UNIT         ?PR?_ISDIGIT?ISDIGIT
            CODE    42A6H     000CH     UNIT         ?PR?_SPI_INITIALIZATION?M25P80
            CODE    42B2H     000BH     UNIT         ?PR?DELAY1MS?TIME
            CODE    42BDH     000AH     UNIT         ?PR?IIC_SDA_IS_HIGH?EEPROM
            CODE    42C7H     000AH     UNIT         ?PR?_GETKEY?_GETKEY
            CODE    42D1H     0009H     UNIT         ?PR?IR_INITIALIZATION?IR
            CODE    42DAH     0009H     UNIT         ?PR?_LED_TURNON?LED
            CODE    42E3H     0009H     UNIT         ?PR?DELAY100US?TIME
            CODE    42ECH     0009H     UNIT         ?PR?_SPI_SETSPEED?M25P80
            CODE    42F5H     0008H     UNIT         ?PR?DELAY10US?TIME
            CODE    42FDH     0008H     UNIT         ?PR?_PUTCHAR?UART1
            CODE    4305H     0008H     UNIT         ?PR?_STARTCOMMAND?M25P80
            CODE    430DH     0007H     UNIT         ?PR?KEY_INITIALIZATION?KEY
            CODE    4314H     0006H     UNIT         ?PR?TIME_GETTICKS?TIME
            CODE    431AH     0005H     UNIT         ?PR?GETCHAR?UNGETCHAR
            CODE    431FH     0004H     UNIT         ?PR?DELAY1US?M25P80
            CODE    4323H     0003H     UNIT         ?PR?LED_INITIALIZATION?LED
            CODE    4326H     0003H     UNIT         ?PR?SET_IIC_SCL?EEPROM
            CODE    4329H     0003H     UNIT         ?PR?CLR_IIC_SCL?EEPROM
            CODE    432CH     0003H     UNIT         ?PR?SET_IIC_SDA?EEPROM
            CODE    432FH     0003H     UNIT         ?PR?CLR_IIC_SDA?EEPROM



OVERLAY MAP OF MODULE:   .\Objects\demo (IR)


SEGMENT                                         BIT_GROUP          DATA_GROUP          XDATA_GROUP
  +--> CALLED SEGMENT                        START    LENGTH     START    LENGTH     START    LENGTH
----------------------------------------------------------------------------------------------------
?C_C51STARTUP                                -----    -----      -----    -----      -----    -----
  +--> ?PR?MAIN?MAIN
  +--> ?C_INITSEG

?PR?MAIN?MAIN                                -----    -----      -----    -----      -----    -----
  +--> ?PR?INITSTC8A?MAIN
  +--> ?PR?_TIME_HOGGINGDELAYMS?TIME
BL51 BANKED LINKER/LOCATER V6.22                                                      05/17/2019  16:38:39  PAGE 5


  +--> ?PR?_TIME_HOGGINGDELAYUS?TIME
  +--> ?PR?TIME_INITIALIZATION?TIME
  +--> ?PR?LED_INITIALIZATION?LED
  +--> ?PR?KEY_INITIALIZATION?KEY
  +--> ?PR?IR_INITIALIZATION?IR
  +--> ?PR?UART1_INITIALIZATION?UART1
  +--> ?CO?MAIN
  +--> ?PR?PRINTF?PRINTF
  +--> ?PR?RTC_INITIALIZATION?RTC
  +--> ?PR?M25P80_INITIALIZATION?M25P80
  +--> ?PR?TICK_TASK?TIME
  +--> ?PR?IR_TASK?IR
  +--> ?PR?LED_TASK?LED
  +--> ?PR?KEY_TASK?KEY
  +--> ?PR?PROCESSKEY?KEY
  +--> ?PR?CONSOLE_TASK?CONSOLE

?PR?_TIME_HOGGINGDELAYMS?TIME                -----    -----      -----    -----      -----    -----
  +--> ?PR?DELAY1MS?TIME

?PR?_TIME_HOGGINGDELAYUS?TIME                -----    -----      -----    -----      -----    -----
  +--> ?PR?DELAY100US?TIME
  +--> ?PR?DELAY10US?TIME
  +--> ?PR?DELAY1US?TIME

?PR?PRINTF?PRINTF                            0020H.0  0001H.1    0069H    0014H      -----    -----
  +--> ?PR?_PUTCHAR?UART1

?PR?RTC_INITIALIZATION?RTC                   -----    -----      0022H    0002H      00CAH    0010H
  +--> ?PR?_PCF8563READBYTES?RTC
  +--> ?CO?RTC
  +--> ?PR?PRINTF?PRINTF
  +--> ?PR?_PCF8563WRITEBYTES?RTC

?PR?_PCF8563READBYTES?RTC                    -----    -----      0047H    0007H      -----    -----
  +--> ?PR?I2C_STARTCONDITION?EEPROM
  +--> ?PR?_I2C_SENDBYTECHECKACK?EEPROM
  +--> ?PR?I2C_STOPCONDITION?EEPROM
  +--> ?PR?SET_IIC_SDA?EEPROM
  +--> ?PR?_TIME_HOGGINGDELAYUS?TIME
  +--> ?PR?I2C_RECEIVEBYTEWITHACK?EEPROM
  +--> ?PR?I2C_RECEIVEBYTEWITHOUTACK?EEPROM

?PR?I2C_STARTCONDITION?EEPROM                -----    -----      -----    -----      -----    -----
  +--> ?PR?SET_IIC_SCL?EEPROM
  +--> ?PR?SET_IIC_SDA?EEPROM
  +--> ?PR?_TIME_HOGGINGDELAYUS?TIME
  +--> ?PR?CLR_IIC_SDA?EEPROM

?PR?_I2C_SENDBYTECHECKACK?EEPROM             -----    -----      0057H    0003H      -----    -----
  +--> ?PR?CLR_IIC_SCL?EEPROM
  +--> ?PR?_TIME_HOGGINGDELAYUS?TIME
  +--> ?PR?SET_IIC_SDA?EEPROM
  +--> ?PR?CLR_IIC_SDA?EEPROM
  +--> ?PR?SET_IIC_SCL?EEPROM
  +--> ?PR?IIC_SDA_IS_HIGH?EEPROM

BL51 BANKED LINKER/LOCATER V6.22                                                      05/17/2019  16:38:39  PAGE 6


?PR?I2C_STOPCONDITION?EEPROM                 -----    -----      -----    -----      -----    -----
  +--> ?PR?CLR_IIC_SCL?EEPROM
  +--> ?PR?_TIME_HOGGINGDELAYUS?TIME
  +--> ?PR?CLR_IIC_SDA?EEPROM
  +--> ?PR?SET_IIC_SCL?EEPROM
  +--> ?PR?SET_IIC_SDA?EEPROM

?PR?I2C_RECEIVEBYTEWITHACK?EEPROM            -----    -----      004EH    0002H      -----    -----
  +--> ?PR?CLR_IIC_SCL?EEPROM
  +--> ?PR?_TIME_HOGGINGDELAYUS?TIME
  +--> ?PR?SET_IIC_SDA?EEPROM
  +--> ?PR?SET_IIC_SCL?EEPROM
  +--> ?PR?IIC_SDA_IS_HIGH?EEPROM
  +--> ?PR?CLR_IIC_SDA?EEPROM

?PR?I2C_RECEIVEBYTEWITHOUTACK?EEPROM         -----    -----      004EH    0002H      -----    -----
  +--> ?PR?CLR_IIC_SCL?EEPROM
  +--> ?PR?_TIME_HOGGINGDELAYUS?TIME
  +--> ?PR?SET_IIC_SDA?EEPROM
  +--> ?PR?SET_IIC_SCL?EEPROM
  +--> ?PR?IIC_SDA_IS_HIGH?EEPROM

?PR?_PCF8563WRITEBYTES?RTC                   -----    -----      0047H    0007H      -----    -----
  +--> ?PR?I2C_STARTCONDITION?EEPROM
  +--> ?PR?_I2C_SENDBYTECHECKACK?EEPROM
  +--> ?PR?I2C_STOPCONDITION?EEPROM

?PR?M25P80_INITIALIZATION?M25P80             -----    -----      -----    -----      -----    -----
  +--> ?PR?_SPI_INITIALIZATION?M25P80
  +--> ?PR?_WRITESTATUSREG?M25P80
  +--> ?PR?_SPI_SETSPEED?M25P80

?PR?_WRITESTATUSREG?M25P80                   -----    -----      0022H    0001H      -----    -----
  +--> ?PR?BUSYWAIT?M25P80
  +--> ?PR?WRITEENABLE?M25P80
  +--> ?PR?_STARTCOMMAND?M25P80
  +--> ?PR?_SPI_EXCHANGEBYTE?M25P80
  +--> ?PR?ENDCOMMAND?M25P80

?PR?BUSYWAIT?M25P80                          -----    -----      0065H    0004H      -----    -----
  +--> ?PR?ENDCOMMAND?M25P80
  +--> ?PR?_TIME_HOGGINGDELAYMS?TIME
  +--> ?CO?M25P80
  +--> ?PR?PRINTF?PRINTF

?PR?ENDCOMMAND?M25P80                        -----    -----      -----    -----      -----    -----
  +--> ?PR?_STARTCOMMAND?M25P80
  +--> ?PR?_SPI_EXCHANGEBYTE?M25P80
  +--> ?PR?DELAY1US?M25P80

?PR?_STARTCOMMAND?M25P80                     -----    -----      -----    -----      -----    -----
  +--> ?PR?DELAY1US?M25P80
  +--> ?PR?_SPI_EXCHANGEBYTE?M25P80

?PR?WRITEENABLE?M25P80                       -----    -----      0060H    0004H      -----    -----
  +--> ?PR?BUSYWAIT?M25P80
  +--> ?PR?_STARTCOMMAND?M25P80
BL51 BANKED LINKER/LOCATER V6.22                                                      05/17/2019  16:38:39  PAGE 7


  +--> ?PR?ENDCOMMAND?M25P80
  +--> ?PR?_TIME_HOGGINGDELAYMS?TIME
  +--> ?CO?M25P80
  +--> ?PR?PRINTF?PRINTF

?PR?TICK_TASK?TIME                           -----    -----      0059H    0004H      -----    -----

?PR?IR_TASK?IR                               -----    -----      0022H    000EH      -----    -----
  +--> ?PR?TIME_GETTICKS?TIME
  +--> ?CO?IR
  +--> ?PR?PRINTF?PRINTF
  +--> ?PR?_KEY_INSERTKEYCODE?KEY
  +--> ?PR?_IRCODETOKEYCODE?IR
  +--> ?PR?_IRCODETOKEYCODEZHONGJIU?IR

?PR?LED_TASK?LED                             -----    -----      0022H    0005H      -----    -----
  +--> ?PR?TIME_GETTICKS?TIME
  +--> ?PR?_LED_TURNON?LED

?PR?KEY_TASK?KEY                             -----    -----      0022H    0005H      -----    -----
  +--> ?PR?TIME_GETTICKS?TIME
  +--> ?PR?SCANKEYCODE?KEY
  +--> ?PR?_KEY_INSERTKEYCODE?KEY

?PR?PROCESSKEY?KEY                           -----    -----      0022H    0002H      -----    -----
  +--> ?PR?_KEY_GETKEYCODE?KEY
  +--> ?CO?KEY
  +--> ?PR?PRINTF?PRINTF
  +--> ?PR?_LED_SETFLASHMODE?LED

?PR?_KEY_GETKEYCODE?KEY                      -----    -----      0024H    0006H      -----    -----

?PR?_LED_SETFLASHMODE?LED                    -----    -----      0024H    0002H      -----    -----
  +--> ?CO?LED
  +--> ?PR?PRINTF?PRINTF

?PR?CONSOLE_TASK?CONSOLE                     -----    -----      0022H    000AH      -----    -----
  +--> ?PR?_UART1_READ?UART1
  +--> ?PR?_UART1_WRITE?UART1
  +--> ?PR?_PROCESSONELINE?CONSOLE
  +--> ?CO?CONSOLE
  +--> ?PR?PRINTF?PRINTF

?PR?_UART1_READ?UART1                        -----    -----      0059H    0003H      -----    -----

?PR?_UART1_WRITE?UART1                       -----    -----      005AH    0003H      -----    -----

?PR?_PROCESSONELINE?CONSOLE                  -----    -----      002CH    0008H      -----    -----
  +--> ?CO?CONSOLE
  +--> ?PR?_STRSEP?UTIL
  +--> ?PR?_EEPROM_TESTMAIN?EEPROM
  +--> ?PR?_RTC_TESTMAIN?RTC
  +--> ?PR?_M25P80_TESTMAIN?M25P80
  +--> ?PR?_XMODEM_MAIN?XMODEM
  +--> ?PR?PRINTF?PRINTF

?PR?_STRSEP?UTIL                             -----    -----      0034H    000CH      -----    -----
BL51 BANKED LINKER/LOCATER V6.22                                                      05/17/2019  16:38:39  PAGE 8


  +--> ?PR?_STRPBRK?UTIL

?PR?_STRPBRK?UTIL                            -----    -----      0040H    000CH      -----    -----

?PR?_EEPROM_TESTMAIN?EEPROM                  -----    -----      0034H    0003H      00CAH    0014H
  +--> ?CO?EEPROM
  +--> ?PR?PRINTF?PRINTF
  +--> ?PR?_STRLEN?STRLEN
  +--> ?PR?_EEPROM_WRITE?EEPROM
  +--> ?PR?_EEPROM_READ?EEPROM

?PR?_EEPROM_WRITE?EEPROM                     -----    -----      0037H    0012H      -----    -----
  +--> ?PR?_PAGEPROGRAM?EEPROM

?PR?_PAGEPROGRAM?EEPROM                      -----    -----      0049H    000EH      -----    -----
  +--> ?PR?I2C_STARTCONDITION?EEPROM
  +--> ?PR?_I2C_SENDBYTECHECKACK?EEPROM
  +--> ?PR?I2C_STOPCONDITION?EEPROM
  +--> ?PR?_TIME_HOGGINGDELAYMS?TIME
  +--> ?CO?EEPROM
  +--> ?PR?PRINTF?PRINTF

?PR?_EEPROM_READ?EEPROM                      -----    -----      0037H    000DH      -----    -----
  +--> ?PR?I2C_STARTCONDITION?EEPROM
  +--> ?PR?_I2C_SENDBYTECHECKACK?EEPROM
  +--> ?PR?I2C_STOPCONDITION?EEPROM
  +--> ?PR?_TIME_HOGGINGDELAYMS?TIME
  +--> ?CO?EEPROM
  +--> ?PR?PRINTF?PRINTF
  +--> ?PR?SET_IIC_SDA?EEPROM
  +--> ?PR?_TIME_HOGGINGDELAYUS?TIME
  +--> ?PR?I2C_RECEIVEBYTEWITHACK?EEPROM
  +--> ?PR?I2C_RECEIVEBYTEWITHOUTACK?EEPROM

?PR?_RTC_TESTMAIN?RTC                        -----    -----      0034H    000EH      -----    -----
  +--> ?CO?RTC
  +--> ?PR?PRINTF?PRINTF
  +--> ?PR?_TIME_HOGGINGDELAYMS?TIME
  +--> ?PR?_RTC_GETCALENDAR?RTC
  +--> ?PR?_RTC_GETWEEKDAYOFDAY?RTC
  +--> ?PR?_UART1_READ?UART1
  +--> ?PR?SCANF?SCANF
  +--> ?PR?_RTC_SETCALENDAR?RTC

?PR?_RTC_GETCALENDAR?RTC                     -----    -----      0042H    0005H      00CAH    0010H
  +--> ?PR?_PCF8563READBYTES?RTC
  +--> ?CO?RTC
  +--> ?PR?PRINTF?PRINTF
  +--> ?PR?_BCD2BIN?RTC

?PR?_RTC_GETWEEKDAYOFDAY?RTC                 -----    -----      0042H    0008H      -----    -----
  +--> ?PR?_GETFIRSTWEEKDAYOFYEAR?RTC
  +--> ?PR?_ISLEAPYEAR?RTC

?PR?_GETFIRSTWEEKDAYOFYEAR?RTC               -----    -----      004AH    0008H      -----    -----
  +--> ?PR?_ISLEAPYEAR?RTC

BL51 BANKED LINKER/LOCATER V6.22                                                      05/17/2019  16:38:39  PAGE 9


?PR?SCANF?SCANF                              0020H.0  0000H.6    0042H    001AH      -----    -----
  +--> ?PR?GETCHAR?UNGETCHAR
  +--> ?PR?_ISSPACE?ISSPACE
  +--> ?PR?GETCHAR?GETCHAR

?PR?GETCHAR?GETCHAR                          -----    -----      -----    -----      -----    -----
  +--> ?PR?_GETKEY?_GETKEY
  +--> ?PR?_PUTCHAR?UART1

?PR?_RTC_SETCALENDAR?RTC                     -----    -----      0042H    0005H      00CAH    0009H
  +--> ?CO?RTC
  +--> ?PR?PRINTF?PRINTF
  +--> ?PR?_BIN2BCD?RTC
  +--> ?PR?_PCF8563WRITEBYTES?RTC

?PR?_M25P80_TESTMAIN?M25P80                  -----    -----      0034H    0002H      00CAH    0040H
  +--> ?CO?M25P80
  +--> ?PR?PRINTF?PRINTF
  +--> ?PR?M25P80_ERASECHIP?M25P80
  +--> ?PR?_STRLEN?STRLEN
  +--> ?PR?_M25P80_WRITE?M25P80
  +--> ?PR?_M25P80_READ?M25P80

?PR?M25P80_ERASECHIP?M25P80                  -----    -----      0036H    0004H      -----    -----
  +--> ?PR?_SECTORERASE?M25P80

?PR?_SECTORERASE?M25P80                      -----    -----      005CH    0004H      -----    -----
  +--> ?PR?BUSYWAIT?M25P80
  +--> ?PR?WRITEENABLE?M25P80
  +--> ?PR?_STARTCOMMAND?M25P80
  +--> ?PR?_SPI_EXCHANGEBYTE?M25P80
  +--> ?PR?ENDCOMMAND?M25P80

?PR?_M25P80_WRITE?M25P80                     -----    -----      -----    -----      0150H    0012H
  +--> ?PR?_PAGEPROGRAM?M25P80

?PR?_PAGEPROGRAM?M25P80                      -----    -----      -----    -----      0162H    000DH
  +--> ?PR?_SECTORERASE?M25P80
  +--> ?PR?BUSYWAIT?M25P80
  +--> ?PR?WRITEENABLE?M25P80
  +--> ?PR?_STARTCOMMAND?M25P80
  +--> ?PR?_SPI_EXCHANGEBYTE?M25P80
  +--> ?PR?ENDCOMMAND?M25P80

?PR?_M25P80_READ?M25P80                      -----    -----      0059H    000CH      -----    -----
  +--> ?PR?BUSYWAIT?M25P80
  +--> ?PR?_STARTCOMMAND?M25P80
  +--> ?PR?_SPI_EXCHANGEBYTE?M25P80
  +--> ?PR?ENDCOMMAND?M25P80

?PR?_XMODEM_MAIN?XMODEM                      -----    -----      0034H    000CH      -----    -----
  +--> ?CO?XMODEM
  +--> ?PR?_ATOL?ATOL
  +--> ?PR?_XMODEM_RECEIVEFILE?XMODEM
  +--> ?PR?_XMODEM_SENDFILE?XMODEM
  +--> ?PR?PRINTF?PRINTF

BL51 BANKED LINKER/LOCATER V6.22                                                      05/17/2019  16:38:39  PAGE 10


?PR?_ATOL?ATOL                               0020H.0  0000H.1    0040H    0007H      -----    -----
  +--> ?PR?_ISSPACE?ISSPACE
  +--> ?PR?_ISDIGIT?ISDIGIT

?PR?_XMODEM_RECEIVEFILE?XMODEM               -----    -----      0040H    0013H      00CAH    0086H
  +--> ?PR?TICK_TASK?TIME
  +--> ?PR?TIME_GETTICKS?TIME
  +--> ?PR?_SENDACK?XMODEM
  +--> ?PR?_UART1_READ?UART1
  +--> ?PR?_PACKISVALID?XMODEM
  +--> ?PR?_WRITEFLASH?XMODEM

?PR?_SENDACK?XMODEM                          -----    -----      0059H    0001H      -----    -----
  +--> ?PR?_UART1_WRITE?UART1
  +--> ?PR?_TIME_HOGGINGDELAYMS?TIME

?PR?_PACKISVALID?XMODEM                      -----    -----      0053H    0005H      -----    -----
  +--> ?PR?_CRC_CALCCCITT16NIBBLEVER?UTIL

?PR?_CRC_CALCCCITT16NIBBLEVER?UTIL           -----    -----      0059H    0003H      -----    -----
  +--> ?CO?UTIL

?PR?_WRITEFLASH?XMODEM                       -----    -----      0053H    0009H      -----    -----
  +--> ?PR?_M25P80_WRITE?M25P80

?PR?_XMODEM_SENDFILE?XMODEM                  -----    -----      0040H    0019H      00CAH    0086H
  +--> ?PR?TICK_TASK?TIME
  +--> ?PR?TIME_GETTICKS?TIME
  +--> ?PR?_UART1_READ?UART1
  +--> ?CO?XMODEM
  +--> ?PR?_SENDACK?XMODEM
  +--> ?PR?_M25P80_READ?M25P80
  +--> ?PR?_CRC_CALCCCITT16NIBBLEVER?UTIL
  +--> ?PR?_UART1_WRITE?UART1
  +--> ?PR?PRINTF?PRINTF



SYMBOL TABLE OF MODULE:  .\Objects\demo (IR)

  VALUE           TYPE          NAME
  ----------------------------------

  -------         MODULE        IR
  C:0000H         SYMBOL        _ICE_DUMMY_
  D:0080H         PUBLIC        P0
  D:0090H         PUBLIC        P1
  D:00A0H         PUBLIC        P2
  D:00B0H         PUBLIC        P3
  D:00C0H         PUBLIC        P4
  D:00C8H         PUBLIC        P5
  B:00A8H.7       PUBLIC        EA
  D:00E8H         PUBLIC        P6
  D:00F8H         PUBLIC        P7
  B:00B0H.2       PUBLIC        IR_INPUT
  D:00A8H         PUBLIC        IE
  C:42D1H         PUBLIC        ir_Initialization
BL51 BANKED LINKER/LOCATER V6.22                                                      05/17/2019  16:38:39  PAGE 11


  X:0000H         SYMBOL        g_ir_param
  D:00B8H         PUBLIC        IP
  C:31CEH         SYMBOL        g_enable_debug
  D:00D8H         PUBLIC        CCON
  C:38F6H         SYMBOL        _IrCodeToKeyCode
  C:332BH         PUBLIC        eint0_ISR
  D:0098H         PUBLIC        SCON
  D:0088H         PUBLIC        TCON
  B:0088H.1       PUBLIC        IE0
  B:0088H.5       PUBLIC        TF0
  D:008CH         PUBLIC        TH0
  B:0088H.0       PUBLIC        IT0
  B:00A8H.0       PUBLIC        EX0
  D:008AH         PUBLIC        TL0
  C:074BH         PUBLIC        ir_Task
  B:0088H.4       PUBLIC        TR0
  C:2C61H         SYMBOL        _IrCodeToKeyCodeZhongJiu
  D:00D0H         PUBLIC        PSW
  -------         PROC          IR_INITIALIZATION
  C:42D1H         LINE#         72
  C:42D1H         LINE#         73
  C:42D1H         LINE#         74
  C:42D3H         LINE#         75
  C:42D5H         LINE#         76
  C:42D7H         LINE#         77
  C:42D9H         LINE#         78
  -------         ENDPROC       IR_INITIALIZATION
  -------         PROC          _IRCODETOKEYCODEZHONGJIU
  D:0007H         SYMBOL        ir_code
  C:2C61H         LINE#         80
  C:2C61H         LINE#         81
  C:2C61H         LINE#         82
  C:2CD2H         LINE#         83
  C:2CD2H         LINE#         84
  C:2CD5H         LINE#         85
  C:2CD8H         LINE#         86
  C:2CDBH         LINE#         87
  C:2CDEH         LINE#         88
  C:2CE1H         LINE#         89
  C:2CE4H         LINE#         90
  C:2CE7H         LINE#         91
  C:2CEAH         LINE#         92
  C:2CEDH         LINE#         93
  C:2CF0H         LINE#         94
  C:2CF3H         LINE#         95
  C:2CF6H         LINE#         96
  C:2CF9H         LINE#         97
  C:2CFCH         LINE#         98
  C:2CFFH         LINE#         99
  C:2D02H         LINE#         100
  C:2D05H         LINE#         101
  C:2D08H         LINE#         102
  C:2D0BH         LINE#         103
  C:2D0EH         LINE#         104
  C:2D11H         LINE#         105
  C:2D14H         LINE#         106
  C:2D17H         LINE#         107
BL51 BANKED LINKER/LOCATER V6.22                                                      05/17/2019  16:38:39  PAGE 12


  C:2D1AH         LINE#         108
  C:2D1DH         LINE#         109
  C:2D20H         LINE#         110
  C:2D23H         LINE#         111
  C:2D26H         LINE#         112
  C:2D29H         LINE#         113
  C:2D2CH         LINE#         114
  C:2D2FH         LINE#         115
  C:2D32H         LINE#         116
  C:2D35H         LINE#         117
  C:2D38H         LINE#         118
  C:2D3BH         LINE#         119
  -------         ENDPROC       _IRCODETOKEYCODEZHONGJIU
  -------         PROC          _IRCODETOKEYCODE
  D:0007H         SYMBOL        ir_code
  C:38F6H         LINE#         124
  C:38F6H         LINE#         125
  C:38F6H         LINE#         126
  C:393DH         LINE#         127
  C:393DH         LINE#         128
  C:3940H         LINE#         129
  C:3943H         LINE#         130
  C:3946H         LINE#         131
  C:3949H         LINE#         132
  C:394CH         LINE#         133
  C:394FH         LINE#         134
  C:3952H         LINE#         135
  C:3955H         LINE#         136
  C:3958H         LINE#         137
  C:395BH         LINE#         138
  C:395EH         LINE#         139
  C:3961H         LINE#         140
  C:3964H         LINE#         141
  C:3967H         LINE#         142
  C:396AH         LINE#         143
  C:396DH         LINE#         144
  C:3970H         LINE#         145
  C:3973H         LINE#         146
  C:3976H         LINE#         147
  C:3979H         LINE#         148
  C:397CH         LINE#         149
  -------         ENDPROC       _IRCODETOKEYCODE
  -------         PROC          IR_TASK
  -------         DO            
  I:007DH         SYMBOL        state
  I:007EH         SYMBOL        old_tp
  I:0082H         SYMBOL        tp_ticks
  I:0086H         SYMBOL        ir_buffer
  I:008AH         SYMBOL        key_code
  I:008BH         SYMBOL        repeat_counter
  D:0022H         SYMBOL        tp
  D:0026H         SYMBOL        th0
  D:0027H         SYMBOL        tl0
  D:0007H         SYMBOL        rear
  D:0028H         SYMBOL        i
  D:0029H         SYMBOL        timer
  D:002BH         SYMBOL        record_ok
BL51 BANKED LINKER/LOCATER V6.22                                                      05/17/2019  16:38:39  PAGE 13


  D:002CH         SYMBOL        span
  -------         ENDDO         
  C:074BH         LINE#         154
  C:074BH         LINE#         155
  C:074BH         LINE#         164
  C:074EH         LINE#         167
  C:0750H         LINE#         168
  C:075CH         LINE#         169
  C:075CH         LINE#         170
  C:075FH         LINE#         171
  C:0766H         LINE#         172
  C:0766H         LINE#         173
  C:0779H         LINE#         174
  C:0786H         LINE#         175
  C:0793H         LINE#         176
  C:0796H         LINE#         177
  C:0797H         LINE#         178
  C:079FH         LINE#         179
  C:07A4H         LINE#         180
  C:07A4H         LINE#         181
  C:07A4H         LINE#         182
  C:07A6H         LINE#         183
  C:07AAH         LINE#         184
  C:07AAH         LINE#         185
  C:07B5H         LINE#         186
  C:07CAH         LINE#         187
  C:07D0H         LINE#         188
  C:07D7H         LINE#         189
  C:07DBH         LINE#         190
  C:07EFH         LINE#         191
  C:07F7H         LINE#         192
  C:0813H         LINE#         193
  C:0813H         LINE#         194
  C:0818H         LINE#         195
  C:0818H         LINE#         196
  C:0839H         LINE#         197
  C:0839H         LINE#         199
  C:0839H         LINE#         201
  C:0839H         LINE#         202
  C:083DH         LINE#         203
  C:083DH         LINE#         204
  C:0845H         LINE#         205
  C:0845H         LINE#         206
  C:084AH         LINE#         207
  C:084AH         LINE#         208
  C:084EH         LINE#         209
  C:085DH         LINE#         210
  C:085DH         LINE#         211
  C:085DH         LINE#         212
  C:085DH         LINE#         214
  C:0864H         LINE#         215
  C:087EH         LINE#         216
  C:088BH         LINE#         217
  C:08ACH         LINE#         219
  C:08B5H         LINE#         220
  C:08B5H         LINE#         221
  C:08B5H         LINE#         222
BL51 BANKED LINKER/LOCATER V6.22                                                      05/17/2019  16:38:39  PAGE 14


  C:08B9H         LINE#         223
  C:08BDH         LINE#         224
  C:08BFH         LINE#         225
  C:08C1H         LINE#         226
  C:08C3H         LINE#         227
  C:08C7H         LINE#         228
  C:08C8H         LINE#         229
  C:08C8H         LINE#         230
  C:08EBH         LINE#         231
  C:08EBH         LINE#         232
  C:08EBH         LINE#         233
  C:08EEH         LINE#         239
  C:08EEH         LINE#         240
  C:0911H         LINE#         241
  C:0911H         LINE#         242
  C:0914H         LINE#         243
  C:0916H         LINE#         244
  C:0939H         LINE#         245
  C:0939H         LINE#         246
  C:093CH         LINE#         247
  C:093EH         LINE#         249
  C:093EH         LINE#         250
  C:0946H         LINE#         251
  C:0946H         LINE#         252
  C:0956H         LINE#         253
  C:095AH         LINE#         254
  C:095BH         LINE#         255
  C:095BH         LINE#         256
  C:095BH         LINE#         257
  C:0964H         LINE#         258
  C:0964H         LINE#         259
  C:0969H         LINE#         260
  C:0969H         LINE#         261
  C:097CH         LINE#         262
  C:097CH         LINE#         263
  C:097CH         LINE#         264
  C:097EH         LINE#         265
  C:0987H         LINE#         266
  C:0987H         LINE#         267
  C:098CH         LINE#         268
  C:098CH         LINE#         269
  C:099FH         LINE#         270
  C:099FH         LINE#         271
  C:099FH         LINE#         272
  C:09A1H         LINE#         273
  C:09AAH         LINE#         274
  C:09AAH         LINE#         275
  C:09AFH         LINE#         276
  C:09AFH         LINE#         277
  C:09C2H         LINE#         278
  C:09C2H         LINE#         279
  C:09C5H         LINE#         280
  C:09C6H         LINE#         281
  C:09D2H         LINE#         282
  C:09D2H         LINE#         283
  C:09D7H         LINE#         284
  C:09D7H         LINE#         285
BL51 BANKED LINKER/LOCATER V6.22                                                      05/17/2019  16:38:39  PAGE 15


  C:09EAH         LINE#         286
  C:09EAH         LINE#         287
  C:09EDH         LINE#         288
  C:09F5H         LINE#         289
  C:09F5H         LINE#         290
  C:0A02H         LINE#         291
  C:0A02H         LINE#         292
  C:0A13H         LINE#         293
  C:0A13H         LINE#         294
  C:0A1AH         LINE#         295
  C:0A1FH         LINE#         296
  C:0A26H         LINE#         297
  C:0A26H         LINE#         298
  C:0A28H         LINE#         299
  C:0A35H         LINE#         300
  C:0A35H         LINE#         301
  C:0A46H         LINE#         302
  C:0A46H         LINE#         303
  C:0A4DH         LINE#         304
  C:0A52H         LINE#         305
  C:0A67H         LINE#         306
  C:0A67H         LINE#         307
  C:0A69H         LINE#         309
  C:0A69H         LINE#         311
  C:0A74H         LINE#         312
  C:0A79H         LINE#         317
  C:0A79H         LINE#         318
  C:0A7DH         LINE#         319
  C:0A7DH         LINE#         320
  C:0A7EH         LINE#         321
  C:0A88H         LINE#         322
  C:0A88H         LINE#         323
  C:0AAAH         LINE#         324
  C:0AAAH         LINE#         325
  C:0ABAH         LINE#         326
  C:0ABDH         LINE#         327
  C:0AC6H         LINE#         328
  C:0AC6H         LINE#         329
  C:0AD2H         LINE#         330
  C:0AD6H         LINE#         331
  C:0AD6H         LINE#         332
  C:0AD7H         LINE#         333
  C:0AFAH         LINE#         334
  C:0AFAH         LINE#         335
  C:0B0AH         LINE#         336
  C:0B17H         LINE#         337
  C:0B1BH         LINE#         338
  C:0B1FH         LINE#         339
  C:0B21H         LINE#         340
  C:0B23H         LINE#         341
  C:0B25H         LINE#         342
  C:0B29H         LINE#         343
  C:0B2AH         LINE#         344
  C:0B4FH         LINE#         345
  C:0B4FH         LINE#         346
  C:0B5CH         LINE#         347
  C:0B5EH         LINE#         348
BL51 BANKED LINKER/LOCATER V6.22                                                      05/17/2019  16:38:39  PAGE 16


  C:0B83H         LINE#         349
  C:0B83H         LINE#         350
  C:0B90H         LINE#         351
  C:0B92H         LINE#         353
  C:0B92H         LINE#         354
  C:0BA2H         LINE#         355
  C:0BA2H         LINE#         356
  C:0BA2H         LINE#         357
  C:0BA2H         LINE#         358
  C:0BA2H         LINE#         359
  -------         ENDPROC       IR_TASK
  -------         PROC          EINT0_ISR
  C:332BH         LINE#         362
  C:3342H         LINE#         364
  C:335AH         LINE#         365
  C:335AH         LINE#         367
  C:335CH         LINE#         368
  C:336CH         LINE#         369
  C:337CH         LINE#         370
  C:3397H         LINE#         371
  C:33B0H         LINE#         372
  C:33B2H         LINE#         373
  C:33B8H         LINE#         374
  C:33BEH         LINE#         375
  C:33C0H         LINE#         376
  C:33C0H         LINE#         377
  -------         ENDPROC       EINT0_ISR
  -------         ENDMOD        IR

  -------         MODULE        KEY
  C:0000H         SYMBOL        _ICE_DUMMY_
  D:0080H         PUBLIC        P0
  B:00C0H.0       PUBLIC        LINE_F1
  D:0090H         PUBLIC        P1
  B:00C0H.1       PUBLIC        LINE_F2
  D:00A0H         PUBLIC        P2
  B:00F8H.5       PUBLIC        LINE_F3
  D:00B0H         PUBLIC        P3
  D:00C0H         PUBLIC        P4
  D:00C8H         PUBLIC        P5
  D:00E8H         PUBLIC        P6
  D:00F8H         PUBLIC        P7
  D:00A8H         PUBLIC        IE
  C:17BFH         PUBLIC        ProcessKey
  I:0010H         SYMBOL        g_key_fifo
  D:00B8H         PUBLIC        IP
  D:00D8H         PUBLIC        CCON
  C:000EH         SYMBOL        ScanKeyCode
  D:0098H         PUBLIC        SCON
  D:0088H         PUBLIC        TCON
  C:2764H         PUBLIC        key_Task
  C:4043H         PUBLIC        _key_InsertKeyCode
  C:3F47H         PUBLIC        _key_GetKeyCode
  D:00D0H         PUBLIC        PSW
  C:430DH         PUBLIC        key_Initialization
  -------         PROC          SCANKEYCODE
  C:000EH         LINE#         14
BL51 BANKED LINKER/LOCATER V6.22                                                      05/17/2019  16:38:39  PAGE 17


  C:000EH         LINE#         15
  C:000EH         LINE#         17
  C:0014H         LINE#         18
  C:001AH         LINE#         19
  C:0020H         LINE#         21
  C:0022H         LINE#         22
  -------         ENDPROC       SCANKEYCODE
  -------         PROC          KEY_INITIALIZATION
  C:430DH         LINE#         23
  C:430DH         LINE#         24
  C:430DH         LINE#         25
  C:430FH         LINE#         26
  C:4311H         LINE#         27
  C:4313H         LINE#         28
  -------         ENDPROC       KEY_INITIALIZATION
  -------         PROC          KEY_TASK
  -------         DO            
  D:0022H         SYMBOL        key_code
  D:0023H         SYMBOL        ticks
  I:0009H         SYMBOL        oldticks
  I:000DH         SYMBOL        old_code
  I:000EH         SYMBOL        state
  -------         ENDDO         
  C:2764H         LINE#         30
  C:2764H         LINE#         31
  C:2764H         LINE#         33
  C:276FH         LINE#         36
  C:2785H         LINE#         37
  C:2785H         LINE#         38
  C:2785H         LINE#         39
  C:278CH         LINE#         40
  C:2793H         LINE#         41
  C:27A0H         LINE#         42
  C:27A4H         LINE#         43
  C:27A5H         LINE#         44
  C:27A5H         LINE#         45
  C:27CAH         LINE#         46
  C:27CFH         LINE#         47
  C:27D6H         LINE#         48
  C:27D6H         LINE#         49
  C:27DAH         LINE#         50
  C:27E7H         LINE#         51
  C:27EBH         LINE#         52
  C:27ECH         LINE#         54
  C:27ECH         LINE#         55
  C:27ECH         LINE#         56
  C:27ECH         LINE#         57
  C:27EEH         LINE#         58
  C:27EEH         LINE#         59
  C:27F3H         LINE#         60
  C:27F8H         LINE#         61
  C:27F8H         LINE#         62
  C:2805H         LINE#         63
  C:2809H         LINE#         64
  C:280AH         LINE#         66
  C:280AH         LINE#         67
  C:282CH         LINE#         68
BL51 BANKED LINKER/LOCATER V6.22                                                      05/17/2019  16:38:39  PAGE 18


  C:282CH         LINE#         69
  C:2835H         LINE#         70
  C:2835H         LINE#         71
  C:2835H         LINE#         72
  C:2835H         LINE#         73
  C:2837H         LINE#         74
  C:2837H         LINE#         75
  C:2859H         LINE#         76
  C:285EH         LINE#         77
  C:2863H         LINE#         78
  C:2863H         LINE#         79
  C:286CH         LINE#         80
  C:2870H         LINE#         81
  C:2871H         LINE#         83
  C:2871H         LINE#         84
  C:287EH         LINE#         85
  C:287EH         LINE#         86
  C:287EH         LINE#         87
  C:287EH         LINE#         88
  C:287EH         LINE#         89
  C:287EH         LINE#         90
  -------         ENDPROC       KEY_TASK
  -------         PROC          _KEY_GETKEYCODE
  D:0024H         SYMBOL        pcode
  D:0027H         SYMBOL        pstate
  -------         DO            
  D:0007H         SYMBOL        rear
  -------         ENDDO         
  C:3F47H         LINE#         100
  C:3F4DH         LINE#         101
  C:3F4DH         LINE#         102
  C:3F51H         LINE#         103
  C:3F56H         LINE#         104
  C:3F56H         LINE#         105
  C:3F63H         LINE#         106
  C:3F79H         LINE#         107
  C:3F7AH         LINE#         108
  C:3F82H         LINE#         109
  C:3F86H         LINE#         110
  C:3F89H         LINE#         111
  C:3F89H         LINE#         112
  C:3F8BH         LINE#         113
  -------         ENDPROC       _KEY_GETKEYCODE
  -------         PROC          _KEY_INSERTKEYCODE
  D:0007H         SYMBOL        keycode
  D:0005H         SYMBOL        state
  -------         DO            
  D:0004H         SYMBOL        top
  D:0006H         SYMBOL        next
  -------         ENDDO         
  C:4043H         LINE#         115
  C:4043H         LINE#         116
  C:4043H         LINE#         120
  C:4047H         LINE#         121
  C:4049H         LINE#         122
  C:4050H         LINE#         123
  C:4056H         LINE#         124
BL51 BANKED LINKER/LOCATER V6.22                                                      05/17/2019  16:38:39  PAGE 19


  C:4056H         LINE#         125
  C:405CH         LINE#         126
  C:4062H         LINE#         127
  C:4066H         LINE#         128
  C:4069H         LINE#         129
  C:4069H         LINE#         130
  C:406BH         LINE#         131
  -------         ENDPROC       _KEY_INSERTKEYCODE
  -------         PROC          PROCESSKEY
  -------         DO            
  I:000FH         SYMBOL        flash_mode
  D:0007H         SYMBOL        ret
  D:0022H         SYMBOL        keycode
  D:0023H         SYMBOL        keystate
  -------         ENDDO         
  C:17BFH         LINE#         133
  C:17BFH         LINE#         134
  C:17BFH         LINE#         138
  C:17D1H         LINE#         139
  C:17D7H         LINE#         140
  C:1874H         LINE#         141
  C:1874H         LINE#         142
  C:187DH         LINE#         143
  C:1886H         LINE#         144
  C:188FH         LINE#         145
  C:1898H         LINE#         146
  C:18A1H         LINE#         147
  C:18AAH         LINE#         148
  C:18B3H         LINE#         149
  C:18BCH         LINE#         150
  C:18C5H         LINE#         151
  C:18CEH         LINE#         152
  C:18D7H         LINE#         153
  C:18E0H         LINE#         154
  C:18E9H         LINE#         155
  C:18F2H         LINE#         156
  C:18FBH         LINE#         157
  C:1904H         LINE#         158
  C:190DH         LINE#         159
  C:1916H         LINE#         160
  C:191FH         LINE#         161
  C:1928H         LINE#         162
  C:1931H         LINE#         163
  C:193AH         LINE#         164
  C:1943H         LINE#         165
  C:194CH         LINE#         166
  C:1955H         LINE#         167
  C:195EH         LINE#         168
  C:1967H         LINE#         169
  C:1970H         LINE#         170
  C:1978H         LINE#         171
  C:1980H         LINE#         172
  C:1988H         LINE#         173
  C:1990H         LINE#         174
  C:1998H         LINE#         175
  C:19A0H         LINE#         176
  C:19A8H         LINE#         177
BL51 BANKED LINKER/LOCATER V6.22                                                      05/17/2019  16:38:39  PAGE 20


  C:19B0H         LINE#         178
  C:19B8H         LINE#         179
  C:19C0H         LINE#         180
  C:19C8H         LINE#         181
  C:19D0H         LINE#         182
  C:19D8H         LINE#         183
  C:19E0H         LINE#         184
  C:19E8H         LINE#         185
  C:19F0H         LINE#         186
  C:19F9H         LINE#         187
  C:19F9H         LINE#         188
  C:1A02H         LINE#         189
  C:1A0EH         LINE#         190
  C:1A0EH         LINE#         191
  C:1A16H         LINE#         192
  C:1A1EH         LINE#         193
  C:1A26H         LINE#         194
  C:1A2FH         LINE#         195
  C:1A2FH         LINE#         196
  C:1A38H         LINE#         197
  C:1A41H         LINE#         198
  C:1A41H         LINE#         199
  C:1A44H         LINE#         200
  C:1A4CH         LINE#         201
  C:1A53H         LINE#         202
  C:1A53H         LINE#         203
  -------         ENDPROC       PROCESSKEY
  -------         ENDMOD        KEY

  -------         MODULE        LED
  C:0000H         SYMBOL        _ICE_DUMMY_
  D:0080H         PUBLIC        P0
  C:42DAH         PUBLIC        _led_TurnOn
  D:0090H         PUBLIC        P1
  D:00A0H         PUBLIC        P2
  D:00B0H         PUBLIC        P3
  D:00C0H         PUBLIC        P4
  D:00C8H         PUBLIC        P5
  D:00E8H         PUBLIC        P6
  D:00F8H         PUBLIC        P7
  D:00A8H         PUBLIC        IE
  D:00B8H         PUBLIC        IP
  D:00D8H         PUBLIC        CCON
  B:00C0H.2       PUBLIC        LED_RUN
  C:2EEEH         PUBLIC        led_Task
  D:0098H         PUBLIC        SCON
  D:0088H         PUBLIC        TCON
  C:3BC6H         PUBLIC        _led_SetFlashMode
  C:4323H         PUBLIC        led_Initialization
  I:0092H         SYMBOL        g_led_param
  D:00D0H         PUBLIC        PSW
  -------         PROC          LED_INITIALIZATION
  C:4323H         LINE#         10
  C:4323H         LINE#         11
  C:4323H         LINE#         12
  C:4325H         LINE#         13
  -------         ENDPROC       LED_INITIALIZATION
BL51 BANKED LINKER/LOCATER V6.22                                                      05/17/2019  16:38:39  PAGE 21


  -------         PROC          _LED_TURNON
  D:0007H         SYMBOL        on
  C:42DAH         LINE#         15
  C:42DAH         LINE#         16
  C:42DAH         LINE#         17
  C:42DDH         LINE#         18
  C:42DDH         LINE#         19
  C:42DFH         LINE#         20
  C:42E0H         LINE#         22
  C:42E0H         LINE#         23
  C:42E2H         LINE#         24
  C:42E2H         LINE#         25
  -------         ENDPROC       _LED_TURNON
  -------         PROC          _LED_SETFLASHMODE
  D:0024H         SYMBOL        mode
  -------         DO            
  I:008CH         SYMBOL        old_mode
  D:0025H         SYMBOL        p
  -------         ENDDO         
  C:3BC6H         LINE#         33
  C:3BC8H         LINE#         34
  C:3BC8H         LINE#         36
  C:3BCBH         LINE#         37
  C:3BCFH         LINE#         38
  C:3BCFH         LINE#         39
  C:3BD6H         LINE#         40
  C:3BE0H         LINE#         41
  C:3BE2H         LINE#         42
  C:3BE7H         LINE#         43
  C:3BE7H         LINE#         44
  C:3BEEH         LINE#         45
  C:3BF8H         LINE#         46
  C:3BFAH         LINE#         47
  C:3BFFH         LINE#         48
  C:3BFFH         LINE#         49
  C:3C06H         LINE#         50
  C:3C10H         LINE#         51
  C:3C12H         LINE#         53
  C:3C12H         LINE#         54
  C:3C1BH         LINE#         56
  C:3C1BH         LINE#         57
  C:3C22H         LINE#         58
  C:3C22H         LINE#         59
  C:3C24H         LINE#         60
  C:3C2BH         LINE#         61
  C:3C2BH         LINE#         62
  -------         ENDPROC       _LED_SETFLASHMODE
  -------         PROC          LED_TASK
  -------         DO            
  I:008DH         SYMBOL        oldticks
  I:0091H         SYMBOL        state
  D:0022H         SYMBOL        ticks
  D:0026H         SYMBOL        p
  -------         ENDDO         
  C:2EEEH         LINE#         64
  C:2EEEH         LINE#         65
  C:2EEEH         LINE#         69
BL51 BANKED LINKER/LOCATER V6.22                                                      05/17/2019  16:38:39  PAGE 22


  C:2EF1H         LINE#         71
  C:2EF9H         LINE#         72
  C:2EF9H         LINE#         73
  C:2EFDH         LINE#         74
  C:2F04H         LINE#         75
  C:2F04H         LINE#         76
  C:2F0FH         LINE#         77
  C:2F1FH         LINE#         78
  C:2F1FH         LINE#         79
  C:2F1FH         LINE#         80
  C:2F1FH         LINE#         81
  C:2F1FH         LINE#         82
  C:2F1FH         LINE#         83
  C:2F21H         LINE#         84
  C:2F21H         LINE#         85
  C:2F51H         LINE#         86
  C:2F5EH         LINE#         87
  C:2F63H         LINE#         88
  C:2F67H         LINE#         89
  C:2F68H         LINE#         90
  C:2F68H         LINE#         91
  C:2F9BH         LINE#         92
  C:2FA0H         LINE#         93
  C:2FADH         LINE#         94
  C:2FB1H         LINE#         95
  C:2FB1H         LINE#         96
  C:2FB1H         LINE#         97
  C:2FB1H         LINE#         98
  C:2FB1H         LINE#         99
  -------         ENDPROC       LED_TASK
  -------         ENDMOD        LED

  -------         MODULE        MAIN
  C:0000H         SYMBOL        _ICE_DUMMY_
  D:0092H         PUBLIC        P1M0
  D:0093H         PUBLIC        P0M1
  D:0096H         PUBLIC        P2M0
  D:0091H         PUBLIC        P1M1
  D:0080H         PUBLIC        P0
  D:00B2H         PUBLIC        P3M0
  D:0095H         PUBLIC        P2M1
  D:0090H         PUBLIC        P1
  D:00B4H         PUBLIC        P4M0
  D:00B1H         PUBLIC        P3M1
  D:00A0H         PUBLIC        P2
  D:00CAH         PUBLIC        P5M0
  D:00B3H         PUBLIC        P4M1
  D:00B0H         PUBLIC        P3
  D:00CCH         PUBLIC        P6M0
  D:00C9H         PUBLIC        P5M1
  D:00C0H         PUBLIC        P4
  D:00E2H         PUBLIC        P7M0
  D:00CBH         PUBLIC        P6M1
  D:00C8H         PUBLIC        P5
  B:00A8H.7       PUBLIC        EA
  D:00E1H         PUBLIC        P7M1
  D:00E8H         PUBLIC        P6
BL51 BANKED LINKER/LOCATER V6.22                                                      05/17/2019  16:38:39  PAGE 23


  D:00F8H         PUBLIC        P7
  D:00A8H         PUBLIC        IE
  D:00B8H         PUBLIC        IP
  D:00D8H         PUBLIC        CCON
  C:3EFFH         PUBLIC        main
  D:0098H         PUBLIC        SCON
  D:0088H         PUBLIC        TCON
  D:00D0H         PUBLIC        PSW
  C:40E4H         SYMBOL        InitSTC8A
  D:0094H         PUBLIC        P0M0
  -------         PROC          INITSTC8A
  C:40E4H         LINE#         11
  C:40E4H         LINE#         12
  C:40E4H         LINE#         13
  C:40E7H         LINE#         14
  C:40E9H         LINE#         15
  C:40EBH         LINE#         16
  C:40EDH         LINE#         17
  C:40EFH         LINE#         18
  C:40F1H         LINE#         19
  C:40F3H         LINE#         20
  C:40F5H         LINE#         21
  C:40F7H         LINE#         22
  C:40F9H         LINE#         23
  C:40FBH         LINE#         24
  C:40FDH         LINE#         25
  C:40FFH         LINE#         26
  C:4101H         LINE#         27
  C:4103H         LINE#         28
  C:4105H         LINE#         29
  -------         ENDPROC       INITSTC8A
  -------         PROC          MAIN
  C:3EFFH         LINE#         31
  C:3EFFH         LINE#         32
  C:3EFFH         LINE#         33
  C:3F02H         LINE#         34
  C:3F09H         LINE#         35
  C:3F10H         LINE#         36
  C:3F13H         LINE#         37
  C:3F16H         LINE#         38
  C:3F19H         LINE#         39
  C:3F1CH         LINE#         40
  C:3F1FH         LINE#         41
  C:3F28H         LINE#         42
  C:3F2BH         LINE#         43
  C:3F2EH         LINE#         45
  C:3F30H         LINE#         46
  C:3F30H         LINE#         47
  C:3F30H         LINE#         48
  C:3F33H         LINE#         49
  C:3F36H         LINE#         50
  C:3F39H         LINE#         51
  C:3F3CH         LINE#         52
  C:3F3FH         LINE#         53
  C:3F42H         LINE#         54
  C:3F45H         LINE#         55
  -------         ENDPROC       MAIN
BL51 BANKED LINKER/LOCATER V6.22                                                      05/17/2019  16:38:39  PAGE 24


  -------         ENDMOD        MAIN

  -------         MODULE        TIME
  C:0000H         SYMBOL        _ICE_DUMMY_
  D:0080H         PUBLIC        P0
  D:0090H         PUBLIC        P1
  D:00A0H         PUBLIC        P2
  D:00B0H         PUBLIC        P3
  D:00C0H         PUBLIC        P4
  C:42B2H         SYMBOL        Delay1ms
  D:00C8H         PUBLIC        P5
  B:00A8H.7       PUBLIC        EA
  D:00E8H         PUBLIC        P6
  D:00F8H         PUBLIC        P7
  C:0006H         SYMBOL        Delay1us
  C:41F4H         PUBLIC        _time_HoggingDelayMs
  D:00A8H         PUBLIC        IE
  C:3F8CH         PUBLIC        _time_HoggingDelayUs
  D:00B8H         PUBLIC        IP
  C:2D3EH         PUBLIC        tick_Task
  C:419EH         PUBLIC        timer0_ISR
  D:00D8H         PUBLIC        CCON
  I:009CH         SYMBOL        g_sys_ticks
  D:0098H         PUBLIC        SCON
  C:4314H         PUBLIC        time_GetTicks
  D:0089H         PUBLIC        TMOD
  D:0088H         PUBLIC        TCON
  C:42F5H         SYMBOL        Delay10us
  B:00A8H.1       PUBLIC        ET0
  B:0088H.5       PUBLIC        TF0
  D:008CH         PUBLIC        TH0
  D:008AH         PUBLIC        TL0
  B:0088H.4       PUBLIC        TR0
  C:421AH         PUBLIC        time_Initialization
  C:42E3H         SYMBOL        Delay100us
  I:00A0H         PUBLIC        g_high_timer
  D:00D0H         PUBLIC        PSW
  -------         PROC          TIME_INITIALIZATION
  C:421AH         LINE#         14
  C:421AH         LINE#         15
  C:421AH         LINE#         17
  C:4222H         LINE#         18
  C:4225H         LINE#         19
  C:4227H         LINE#         20
  C:4229H         LINE#         21
  C:422BH         LINE#         22
  -------         ENDPROC       TIME_INITIALIZATION
  -------         PROC          TIMER0_ISR
  C:419EH         LINE#         24
  C:41A7H         LINE#         26
  C:41AFH         LINE#         27
  -------         ENDPROC       TIMER0_ISR
  -------         PROC          TICK_TASK
  -------         DO            
  I:0097H         SYMBOL        old_count
  D:0059H         SYMBOL        count
  D:0006H         SYMBOL        timer
BL51 BANKED LINKER/LOCATER V6.22                                                      05/17/2019  16:38:39  PAGE 25


  D:0003H         SYMBOL        th0
  D:0002H         SYMBOL        tl0
  I:009BH         SYMBOL        old_th0
  -------         ENDDO         
  C:2D3EH         LINE#         29
  C:2D3EH         LINE#         30
  C:2D3EH         LINE#         38
  C:2D40H         LINE#         39
  C:2D4FH         LINE#         40
  C:2D53H         LINE#         43
  C:2D55H         LINE#         44
  C:2D57H         LINE#         45
  C:2D59H         LINE#         46
  C:2D5BH         LINE#         47
  C:2D62H         LINE#         48
  C:2D6AH         LINE#         49
  C:2D6CH         LINE#         50
  C:2D6EH         LINE#         52
  C:2D77H         LINE#         53
  C:2D88H         LINE#         54
  C:2D8AH         LINE#         55
  C:2D8CH         LINE#         56
  C:2D90H         LINE#         57
  C:2DA2H         LINE#         59
  C:2DB5H         LINE#         60
  C:2DB5H         LINE#         61
  C:2DC2H         LINE#         63
  C:2DC2H         LINE#         68
  C:2E16H         LINE#         72
  -------         ENDPROC       TICK_TASK
  -------         PROC          TIME_GETTICKS
  C:4314H         LINE#         74
  C:4314H         LINE#         75
  C:4314H         LINE#         76
  C:4319H         LINE#         77
  -------         ENDPROC       TIME_GETTICKS
  -------         PROC          DELAY1MS
  -------         DO            
  D:0007H         SYMBOL        i
  D:0006H         SYMBOL        j
  -------         ENDDO         
  C:42B2H         LINE#         80
  C:42B2H         LINE#         81
  C:42B2H         LINE#         84
  C:42B3H         LINE#         85
  C:42B4H         LINE#         86
  C:42B6H         LINE#         87
  C:42B8H         LINE#         89
  C:42B8H         LINE#         90
  C:42BAH         LINE#         91
  C:42BCH         LINE#         92
  -------         ENDPROC       DELAY1MS
  -------         PROC          DELAY1US
  -------         DO            
  D:0007H         SYMBOL        i
  -------         ENDDO         
  C:0006H         LINE#         93
BL51 BANKED LINKER/LOCATER V6.22                                                      05/17/2019  16:38:39  PAGE 26


  C:0006H         LINE#         94
  C:0006H         LINE#         97
  C:0008H         LINE#         98
  C:000AH         LINE#         99
  -------         ENDPROC       DELAY1US
  -------         PROC          DELAY10US
  -------         DO            
  D:0007H         SYMBOL        i
  -------         ENDDO         
  C:42F5H         LINE#         100
  C:42F5H         LINE#         101
  C:42F5H         LINE#         104
  C:42F6H         LINE#         105
  C:42F7H         LINE#         106
  C:42F8H         LINE#         107
  C:42FAH         LINE#         108
  C:42FCH         LINE#         109
  -------         ENDPROC       DELAY10US
  -------         PROC          DELAY100US
  -------         DO            
  D:0007H         SYMBOL        i
  D:0006H         SYMBOL        j
  -------         ENDDO         
  C:42E3H         LINE#         110
  C:42E3H         LINE#         111
  C:42E3H         LINE#         114
  C:42E5H         LINE#         115
  C:42E7H         LINE#         117
  C:42E7H         LINE#         118
  C:42E9H         LINE#         119
  C:42EBH         LINE#         120
  -------         ENDPROC       DELAY100US
  -------         PROC          _TIME_HOGGINGDELAYMS
  D:0004H         SYMBOL        ms
  C:41F4H         LINE#         122
  C:41F8H         LINE#         123
  C:41F8H         LINE#         124
  C:41FCH         LINE#         125
  C:41FCH         LINE#         126
  C:41FFH         LINE#         127
  C:4206H         LINE#         128
  -------         ENDPROC       _TIME_HOGGINGDELAYMS
  -------         PROC          _TIME_HOGGINGDELAYUS
  D:0004H         SYMBOL        us
  C:3F8CH         LINE#         130
  C:3F90H         LINE#         131
  C:3F90H         LINE#         132
  C:3FA6H         LINE#         133
  C:3FBCH         LINE#         134
  C:3FCFH         LINE#         135
  -------         ENDPROC       _TIME_HOGGINGDELAYUS
  -------         ENDMOD        TIME

  -------         MODULE        UART1
  C:0000H         SYMBOL        _ICE_DUMMY_
  C:3AF0H         PUBLIC        UART1_IRQHandler
  D:0080H         PUBLIC        P0
BL51 BANKED LINKER/LOCATER V6.22                                                      05/17/2019  16:38:39  PAGE 27


  D:0090H         PUBLIC        P1
  D:00A0H         PUBLIC        P2
  D:00B0H         PUBLIC        P3
  D:00C0H         PUBLIC        P4
  D:00C8H         PUBLIC        P5
  B:00A8H.7       PUBLIC        EA
  D:00E8H         PUBLIC        P6
  D:00F8H         PUBLIC        P7
  D:00A8H         PUBLIC        IE
  B:00A8H.4       PUBLIC        ES
  D:00B8H         PUBLIC        IP
  B:0098H.0       PUBLIC        RI
  B:0098H.1       PUBLIC        TI
  C:425BH         PUBLIC        uart1_Initialization
  D:00D8H         PUBLIC        CCON
  X:016FH         SYMBOL        g_uart1_param
  D:0099H         PUBLIC        SBUF
  D:0098H         PUBLIC        SCON
  D:0088H         PUBLIC        TCON
  D:008EH         PUBLIC        AUXR
  C:3E66H         PUBLIC        _uart1_Read
  D:00D6H         PUBLIC        T2H
  D:00D7H         PUBLIC        T2L
  C:40BEH         PUBLIC        _uart1_Write
  D:00D0H         PUBLIC        PSW
  C:42FDH         PUBLIC        _putchar
  -------         PROC          UART1_INITIALIZATION
  C:425BH         LINE#         9
  C:425BH         LINE#         10
  C:425BH         LINE#         15
  C:425EH         LINE#         16
  C:4261H         LINE#         17
  C:4264H         LINE#         18
  C:4267H         LINE#         19
  C:4269H         LINE#         20
  -------         ENDPROC       UART1_INITIALIZATION
  -------         PROC          _PUTCHAR
  D:0007H         SYMBOL        c
  C:42FDH         LINE#         23
  C:42FDH         LINE#         24
  C:42FDH         LINE#         25
  C:42FFH         LINE#         26
  C:4302H         LINE#         27
  C:4304H         LINE#         28
  C:4304H         LINE#         29
  -------         ENDPROC       _PUTCHAR
  -------         PROC          _UART1_READ
  D:0001H         SYMBOL        vbuf
  D:0005H         SYMBOL        len
  -------         DO            
  D:0007H         SYMBOL        i
  D:0059H         SYMBOL        buf
  -------         ENDDO         
  C:3E66H         LINE#         42
  C:3E66H         LINE#         43
  C:3E66H         LINE#         44
  C:3E68H         LINE#         45
BL51 BANKED LINKER/LOCATER V6.22                                                      05/17/2019  16:38:39  PAGE 28


  C:3E6EH         LINE#         46
  C:3E73H         LINE#         47
  C:3E73H         LINE#         48
  C:3E75H         LINE#         49
  C:3E7FH         LINE#         50
  C:3E7FH         LINE#         51
  C:3E81H         LINE#         52
  C:3E83H         LINE#         53
  C:3E83H         LINE#         54
  C:3E9FH         LINE#         55
  C:3EA5H         LINE#         56
  C:3EABH         LINE#         57
  C:3EADH         LINE#         58
  C:3EAFH         LINE#         59
  C:3EB0H         LINE#         60
  C:3EB3H         LINE#         61
  C:3EB3H         LINE#         62
  -------         ENDPROC       _UART1_READ
  -------         PROC          UART1_IRQHANDLER
  -------         DO            
  D:0003H         SYMBOL        val
  -------         ENDDO         
  C:3AF0H         LINE#         64
  C:3B09H         LINE#         67
  C:3B0CH         LINE#         68
  C:3B0CH         LINE#         69
  C:3B0EH         LINE#         70
  C:3B10H         LINE#         71
  C:3B28H         LINE#         72
  C:3B28H         LINE#         75
  C:3B28H         LINE#         77
  C:3B28H         LINE#         78
  C:3B37H         LINE#         79
  C:3B3DH         LINE#         80
  C:3B43H         LINE#         81
  C:3B45H         LINE#         82
  C:3B45H         LINE#         83
  C:3B45H         LINE#         84
  -------         ENDPROC       UART1_IRQHANDLER
  -------         PROC          _UART1_WRITE
  D:0001H         SYMBOL        vbuf
  D:0005H         SYMBOL        len
  -------         DO            
  D:0007H         SYMBOL        i
  D:005AH         SYMBOL        buf
  -------         ENDDO         
  C:40BEH         LINE#         86
  C:40BEH         LINE#         87
  C:40BEH         LINE#         89
  C:40C4H         LINE#         90
  C:40CBH         LINE#         91
  C:40CBH         LINE#         92
  C:40DBH         LINE#         93
  C:40DEH         LINE#         94
  C:40E0H         LINE#         95
  C:40E3H         LINE#         96
  -------         ENDPROC       _UART1_WRITE
BL51 BANKED LINKER/LOCATER V6.22                                                      05/17/2019  16:38:39  PAGE 29


  -------         ENDMOD        UART1

  -------         MODULE        ?C_STARTUP
  C:33D5H         SEGMENT       ?C_C51STARTUP
  I:00A2H         SEGMENT       ?STACK
  C:0000H         PUBLIC        ?C_STARTUP
  D:00E0H         SYMBOL        ACC
  D:00F0H         SYMBOL        B
  D:0083H         SYMBOL        DPH
  D:0082H         SYMBOL        DPL
  N:0000H         SYMBOL        IBPSTACK
  N:0100H         SYMBOL        IBPSTACKTOP
  N:0100H         SYMBOL        IDATALEN
  C:33D8H         SYMBOL        IDATALOOP
  N:0000H         SYMBOL        PBPSTACK
  N:0100H         SYMBOL        PBPSTACKTOP
  N:0000H         SYMBOL        PDATALEN
  N:0000H         SYMBOL        PDATASTART
  N:0000H         SYMBOL        PPAGE
  N:0000H         SYMBOL        PPAGEENABLE
  D:00A0H         SYMBOL        PPAGE_SFR
  D:0081H         SYMBOL        SP
  C:33D5H         SYMBOL        STARTUP1
  N:0000H         SYMBOL        XBPSTACK
  N:0000H         SYMBOL        XBPSTACKTOP
  N:2000H         SYMBOL        XDATALEN
  C:33E3H         SYMBOL        XDATALOOP
  N:0000H         SYMBOL        XDATASTART
  C:0000H         LINE#         126
  C:33D5H         LINE#         133
  C:33D7H         LINE#         134
  C:33D8H         LINE#         135
  C:33D9H         LINE#         136
  C:33DBH         LINE#         140
  C:33DEH         LINE#         141
  C:33E0H         LINE#         145
  C:33E2H         LINE#         147
  C:33E3H         LINE#         148
  C:33E4H         LINE#         149
  C:33E5H         LINE#         150
  C:33E7H         LINE#         151
  C:33E9H         LINE#         185
  C:33ECH         LINE#         196
  -------         ENDMOD        ?C_STARTUP

  -------         MODULE        CONSOLE
  C:0000H         SYMBOL        _ICE_DUMMY_
  D:0080H         PUBLIC        P0
  D:0090H         PUBLIC        P1
  D:00A0H         PUBLIC        P2
  D:00B0H         PUBLIC        P3
  D:00C0H         PUBLIC        P4
  D:00C8H         PUBLIC        P5
  D:00E8H         PUBLIC        P6
  D:00F8H         PUBLIC        P7
  D:00A8H         PUBLIC        IE
  C:1C3AH         SYMBOL        _ProcessOneLine
BL51 BANKED LINKER/LOCATER V6.22                                                      05/17/2019  16:38:39  PAGE 30


  D:00B8H         PUBLIC        IP
  D:00D8H         PUBLIC        CCON
  D:0098H         PUBLIC        SCON
  D:0088H         PUBLIC        TCON
  C:3509H         PUBLIC        console_Task
  D:00D0H         PUBLIC        PSW
  -------         PROC          _PROCESSONELINE
  D:0006H         SYMBOL        cmd_line
  -------         DO            
  D:002CH         SYMBOL        argc
  X:01FDH         SYMBOL        argv
  D:002DH         SYMBOL        pline
  D:0030H         SYMBOL        ret
  -------         DO            
  D:0033H         SYMBOL        i
  -------         ENDDO         
  -------         ENDDO         
  C:1C3AH         LINE#         14
  C:1C3AH         LINE#         15
  C:1C3AH         LINE#         20
  C:1C48H         LINE#         21
  C:1C48H         LINE#         22
  C:1C60H         LINE#         23
  C:1C65H         LINE#         24
  C:1C77H         LINE#         25
  C:1C91H         LINE#         26
  C:1C93H         LINE#         27
  C:1C9AH         LINE#         29
  C:1CA1H         LINE#         31
  C:1CBCH         LINE#         32
  C:1CBCH         LINE#         33
  C:1CC7H         LINE#         34
  C:1CC7H         LINE#         35
  C:1CE2H         LINE#         36
  C:1CE2H         LINE#         37
  C:1CEDH         LINE#         38
  C:1CEDH         LINE#         39
  C:1D08H         LINE#         40
  C:1D08H         LINE#         41
  C:1D13H         LINE#         42
  C:1D13H         LINE#         43
  C:1D2EH         LINE#         44
  C:1D2EH         LINE#         45
  C:1D39H         LINE#         46
  C:1D39H         LINE#         47
  C:1D6FH         LINE#         48
  C:1D6FH         LINE#         49
  C:1D78H         LINE#         50
  C:1D81H         LINE#         51
  C:1D8AH         LINE#         52
  C:1D93H         LINE#         53
  C:1D9CH         LINE#         54
  C:1DA5H         LINE#         55
  C:1DABH         LINE#         56
  C:1DADH         LINE#         57
  C:1DE3H         LINE#         58
  C:1DE3H         LINE#         60
BL51 BANKED LINKER/LOCATER V6.22                                                      05/17/2019  16:38:39  PAGE 31


  C:1DE6H         LINE#         61
  C:1DE6H         LINE#         62
  C:1DEFH         LINE#         63
  C:1DF9H         LINE#         65
  C:1DF9H         LINE#         67
  C:1DF9H         LINE#         68
  C:1E12H         LINE#         69
  C:1E12H         LINE#         70
  -------         ENDPROC       _PROCESSONELINE
  -------         PROC          CONSOLE_TASK
  -------         DO            
  D:0022H         SYMBOL        buf
  D:002AH         SYMBOL        i
  D:002BH         SYMBOL        ret
  X:020CH         SYMBOL        line
  X:025CH         SYMBOL        state
  -------         ENDDO         
  C:3509H         LINE#         72
  C:3509H         LINE#         73
  C:3509H         LINE#         79
  C:3516H         LINE#         80
  C:3520H         LINE#         81
  C:352AH         LINE#         82
  C:352AH         LINE#         83
  C:3537H         LINE#         84
  C:3541H         LINE#         85
  C:3541H         LINE#         86
  C:354CH         LINE#         87
  C:354CH         LINE#         88
  C:3558H         LINE#         89
  C:355EH         LINE#         90
  C:3560H         LINE#         92
  C:3560H         LINE#         93
  C:356CH         LINE#         94
  C:356CH         LINE#         95
  C:356CH         LINE#         96
  C:3575H         LINE#         97
  C:3575H         LINE#         98
  C:3584H         LINE#         99
  C:358BH         LINE#         100
  C:3594H         LINE#         101
  C:3599H         LINE#         102
  C:3599H         LINE#         103
  C:359DH         LINE#         104
  -------         ENDPROC       CONSOLE_TASK
  -------         ENDMOD        CONSOLE

  -------         MODULE        UTIL
  C:0000H         SYMBOL        _ICE_DUMMY_
  D:0080H         PUBLIC        P0
  D:0090H         PUBLIC        P1
  D:00A0H         PUBLIC        P2
  D:00B0H         PUBLIC        P3
  D:00C0H         PUBLIC        P4
  D:00C8H         PUBLIC        P5
  D:00E8H         PUBLIC        P6
  D:00F8H         PUBLIC        P7
BL51 BANKED LINKER/LOCATER V6.22                                                      05/17/2019  16:38:39  PAGE 32


  C:3E12H         PUBLIC        _strpbrk
  D:00A8H         PUBLIC        IE
  D:00B8H         PUBLIC        IP
  D:00D8H         PUBLIC        CCON
  C:3D5AH         PUBLIC        _strsep
  D:0098H         PUBLIC        SCON
  D:0088H         PUBLIC        TCON
  C:397FH         PUBLIC        _crc_CalcCCITT16NibbleVer
  D:00D0H         PUBLIC        PSW
  -------         PROC          _STRPBRK
  D:0001H         SYMBOL        cs
  D:0043H         SYMBOL        ct
  -------         DO            
  D:0046H         SYMBOL        sc1
  D:0049H         SYMBOL        sc2
  -------         ENDDO         
  C:3E12H         LINE#         14
  C:3E12H         LINE#         15
  C:3E12H         LINE#         18
  C:3E23H         LINE#         19
  C:3E38H         LINE#         20
  C:3E44H         LINE#         21
  C:3E45H         LINE#         22
  C:3E52H         LINE#         23
  C:3E5FH         LINE#         24
  C:3E65H         LINE#         25
  -------         ENDPROC       _STRPBRK
  -------         PROC          _STRSEP
  D:0034H         SYMBOL        s
  D:0037H         SYMBOL        ct
  -------         DO            
  D:003AH         SYMBOL        sbegin
  D:003DH         SYMBOL        end
  -------         ENDDO         
  C:3D5AH         LINE#         39
  C:3D60H         LINE#         40
  C:3D60H         LINE#         41
  C:3D69H         LINE#         44
  C:3D6EH         LINE#         45
  C:3D72H         LINE#         47
  C:3D8AH         LINE#         48
  C:3D8FH         LINE#         49
  C:3D9DH         LINE#         50
  C:3DB2H         LINE#         51
  C:3DB8H         LINE#         52
  -------         ENDPROC       _STRSEP
  -------         PROC          _CRC_CALCCCITT16NIBBLEVER
  D:0001H         SYMBOL        vptr
  D:0059H         SYMBOL        len
  -------         DO            
  D:0001H         SYMBOL        ptr
  D:0004H         SYMBOL        crc
  D:005BH         SYMBOL        da
  C:4127H         SYMBOL        crc_ta
  -------         ENDDO         
  C:397FH         LINE#         55
  C:3983H         LINE#         56
BL51 BANKED LINKER/LOCATER V6.22                                                      05/17/2019  16:38:39  PAGE 33


  C:3983H         LINE#         57
  C:3983H         LINE#         64
  C:3986H         LINE#         65
  C:3993H         LINE#         66
  C:3993H         LINE#         67
  C:399BH         LINE#         68
  C:39A9H         LINE#         69
  C:39C5H         LINE#         70
  C:39CDH         LINE#         71
  C:39DBH         LINE#         72
  C:39F6H         LINE#         73
  C:39FDH         LINE#         74
  C:39FFH         LINE#         75
  C:3A03H         LINE#         76
  -------         ENDPROC       _CRC_CALCCCITT16NIBBLEVER
  -------         ENDMOD        UTIL

  -------         MODULE        RTC
  C:0000H         SYMBOL        _ICE_DUMMY_
  D:0080H         PUBLIC        P0
  D:0090H         PUBLIC        P1
  D:00A0H         PUBLIC        P2
  D:00B0H         PUBLIC        P3
  D:00C0H         PUBLIC        P4
  D:00C8H         PUBLIC        P5
  D:00E8H         PUBLIC        P6
  D:00F8H         PUBLIC        P7
  C:3B5CH         SYMBOL        _Pcf8563WriteBytes
  D:00A8H         PUBLIC        IE
  D:00B8H         PUBLIC        IP
  D:00D8H         PUBLIC        CCON
  C:3A7BH         SYMBOL        _GetFirstWeekDayOfYear
  D:0098H         PUBLIC        SCON
  D:0088H         PUBLIC        TCON
  C:22DCH         PUBLIC        _rtc_TestMain
  C:406CH         SYMBOL        _IsLeapYear
  C:416FH         SYMBOL        _Bin2Bcd
  C:426AH         SYMBOL        _Bcd2Bin
  C:2A95H         PUBLIC        _rtc_GetCalendar
  C:1FBFH         PUBLIC        _rtc_GetWeekdayOfDay
  C:327FH         PUBLIC        _rtc_SetCalendar
  D:00D0H         PUBLIC        PSW
  C:359EH         SYMBOL        _Pcf8563ReadBytes
  C:3630H         PUBLIC        rtc_Initialization
  -------         PROC          _BCD2BIN
  D:0007H         SYMBOL        bcd
  C:426AH         LINE#         8
  C:426AH         LINE#         9
  C:426AH         LINE#         10
  C:4278H         LINE#         11
  -------         ENDPROC       _BCD2BIN
  C:416BH         SYMBOL        L?0073
  -------         PROC          L?0072
  -------         ENDPROC       L?0072
  C:416BH         SYMBOL        L?0073
  -------         PROC          _BIN2BCD
  D:0007H         SYMBOL        bin
BL51 BANKED LINKER/LOCATER V6.22                                                      05/17/2019  16:38:39  PAGE 34


  C:416FH         LINE#         13
  C:416FH         LINE#         14
  C:416FH         LINE#         15
  C:4181H         LINE#         16
  -------         ENDPROC       _BIN2BCD
  -------         PROC          _PCF8563WRITEBYTES
  D:0047H         SYMBOL        sub_addr
  D:0048H         SYMBOL        buf
  D:004BH         SYMBOL        len
  -------         DO            
  D:004CH         SYMBOL        i
  D:004DH         SYMBOL        ack
  -------         ENDDO         
  C:3B5CH         LINE#         19
  C:3B64H         LINE#         20
  C:3B64H         LINE#         23
  C:3B67H         LINE#         24
  C:3B6EH         LINE#         25
  C:3B73H         LINE#         26
  C:3B73H         LINE#         27
  C:3B76H         LINE#         28
  C:3B7BH         LINE#         29
  C:3B7BH         LINE#         30
  C:3B82H         LINE#         31
  C:3B87H         LINE#         32
  C:3B87H         LINE#         33
  C:3B8AH         LINE#         34
  C:3B8FH         LINE#         35
  C:3B8FH         LINE#         36
  C:3B99H         LINE#         37
  C:3B99H         LINE#         38
  C:3BAEH         LINE#         39
  C:3BB3H         LINE#         40
  C:3BB3H         LINE#         41
  C:3BB6H         LINE#         42
  C:3BBBH         LINE#         43
  C:3BBBH         LINE#         44
  C:3BBFH         LINE#         45
  C:3BC2H         LINE#         46
  C:3BC5H         LINE#         47
  -------         ENDPROC       _PCF8563WRITEBYTES
  -------         PROC          _PCF8563READBYTES
  D:0047H         SYMBOL        sub_addr
  D:0048H         SYMBOL        buf
  D:004BH         SYMBOL        len
  -------         DO            
  D:004CH         SYMBOL        i
  D:004DH         SYMBOL        ack
  -------         ENDDO         
  C:359EH         LINE#         49
  C:35A6H         LINE#         50
  C:35A6H         LINE#         52
  C:35A9H         LINE#         53
  C:35B0H         LINE#         54
  C:35B5H         LINE#         55
  C:35B5H         LINE#         56
  C:35B8H         LINE#         57
BL51 BANKED LINKER/LOCATER V6.22                                                      05/17/2019  16:38:39  PAGE 35


  C:35BDH         LINE#         58
  C:35BDH         LINE#         59
  C:35C4H         LINE#         60
  C:35C9H         LINE#         61
  C:35C9H         LINE#         62
  C:35CCH         LINE#         63
  C:35D1H         LINE#         64
[...]
  C:1669H         LINE#         180
  C:1669H         LINE#         181
  C:1670H         LINE#         182
  C:1672H         LINE#         183
  C:1675H         LINE#         184
  C:167FH         LINE#         185
  C:167FH         LINE#         186
  C:1681H         LINE#         187
  C:1683H         LINE#         188
  C:1683H         LINE#         189
  C:1683H         LINE#         190
  C:1683H         LINE#         191
  C:16A5H         LINE#         192
BL51 BANKED LINKER/LOCATER V6.22                                                      05/17/2019  16:38:39  PAGE 54


  C:16A5H         LINE#         193
  C:16B2H         LINE#         194
  C:16BBH         LINE#         195
  C:16BBH         LINE#         196
  C:16C3H         LINE#         197
  C:16C3H         LINE#         198
  C:16CFH         LINE#         199
  C:16D2H         LINE#         200
  C:16D5H         LINE#         201
  C:16D8H         LINE#         202
  C:16D8H         LINE#         203
  C:16E0H         LINE#         204
  C:16E0H         LINE#         205
  C:16E4H         LINE#         207
  C:16E7H         LINE#         208
  C:16E7H         LINE#         209
  C:16E7H         LINE#         210
  C:16E7H         LINE#         211
  C:16E7H         LINE#         212
  C:16E9H         LINE#         213
  C:16EEH         LINE#         214
  C:16EEH         LINE#         215
  C:16F2H         LINE#         216
  C:16F5H         LINE#         217
  C:16F5H         LINE#         218
  C:16FCH         LINE#         219
  C:16FCH         LINE#         220
  C:16FFH         LINE#         221
  C:16FFH         LINE#         222
  C:1724H         LINE#         223
  C:1724H         LINE#         224
  C:173AH         LINE#         225
  C:1740H         LINE#         226
  C:1747H         LINE#         227
  C:1747H         LINE#         228
  C:174DH         LINE#         229
  C:174DH         LINE#         230
  C:1750H         LINE#         231
  C:1765H         LINE#         232
  C:176CH         LINE#         233
  C:176FH         LINE#         234
  C:1771H         LINE#         235
  C:1774H         LINE#         236
  C:1776H         LINE#         237
  C:1782H         LINE#         238
  C:1785H         LINE#         240
  C:1785H         LINE#         241
  C:1787H         LINE#         242
  C:178EH         LINE#         243
  C:1791H         LINE#         244
  C:179BH         LINE#         245
  C:179BH         LINE#         246
  C:179FH         LINE#         247
  C:17A1H         LINE#         248
  C:17A1H         LINE#         249
  C:17A1H         LINE#         250
  C:17A1H         LINE#         251
BL51 BANKED LINKER/LOCATER V6.22                                                      05/17/2019  16:38:39  PAGE 55


  C:17A1H         LINE#         252
  C:17A1H         LINE#         253
  C:17A1H         LINE#         254
  C:17A8H         LINE#         255
  C:17AAH         LINE#         256
  C:17ADH         LINE#         257
  C:17B7H         LINE#         258
  C:17B7H         LINE#         259
  C:17BEH         LINE#         260
  C:17BEH         LINE#         261
  C:17BEH         LINE#         262
  C:17BEH         LINE#         263
  C:17BEH         LINE#         264
  C:17BEH         LINE#         265
  C:17BEH         LINE#         266
  C:17BEH         LINE#         267
  C:17BEH         LINE#         269
  -------         ENDPROC       _XMODEM_RECEIVEFILE
  -------         PROC          _XMODEM_SENDFILE
  D:0040H         SYMBOL        addr
  D:0044H         SYMBOL        len
  -------         DO            
  D:0048H         SYMBOL        state
  D:0049H         SYMBOL        old_state
  X:00CAH         SYMBOL        buf
  D:0007H         SYMBOL        i
  D:0006H         SYMBOL        sum
  D:004AH         SYMBOL        count
  D:004BH         SYMBOL        oldticks
  D:004FH         SYMBOL        ticks
  D:0053H         SYMBOL        nwrite
  D:0054H         SYMBOL        nread
  D:0055H         SYMBOL        packno
  D:0056H         SYMBOL        retry_count
  D:0057H         SYMBOL        packlen
  D:0058H         SYMBOL        crc_mode
  D:0004H         SYMBOL        crc
  C:151EH         SYMBOL        errexit
  -------         ENDDO         
  C:1216H         LINE#         271
  C:121EH         LINE#         272
  C:121EH         LINE#         273
  C:1224H         LINE#         275
  C:1226H         LINE#         278
  C:1229H         LINE#         279
  C:122BH         LINE#         280
  C:122EH         LINE#         281
  C:1230H         LINE#         283
  C:1230H         LINE#         284
  C:1230H         LINE#         285
  C:1233H         LINE#         286
  C:123EH         LINE#         287
  C:1244H         LINE#         288
  C:1244H         LINE#         289
  C:1247H         LINE#         291
  C:1247H         LINE#         292
  C:1269H         LINE#         293
BL51 BANKED LINKER/LOCATER V6.22                                                      05/17/2019  16:38:39  PAGE 56


  C:1269H         LINE#         294
  C:1269H         LINE#         295
  C:126CH         LINE#         296
  C:1278H         LINE#         297
  C:127BH         LINE#         298
  C:127DH         LINE#         299
  C:127DH         LINE#         300
  C:129FH         LINE#         301
  C:129FH         LINE#         302
  C:12ACH         LINE#         303
  C:12B5H         LINE#         304
  C:12B5H         LINE#         305
  C:12BDH         LINE#         306
  C:12BDH         LINE#         307
  C:12C0H         LINE#         308
  C:12C3H         LINE#         309
  C:12C6H         LINE#         310
  C:12C6H         LINE#         311
  C:12C8H         LINE#         312
  C:12CCH         LINE#         313
  C:12CCH         LINE#         314
  C:12CFH         LINE#         315
  C:12D2H         LINE#         316
  C:12D5H         LINE#         317
  C:12D8H         LINE#         318
  C:12DBH         LINE#         319
  C:12E1H         LINE#         320
  C:12E1H         LINE#         321
  C:12E5H         LINE#         322
  C:12E5H         LINE#         323
  C:12E8H         LINE#         325
  C:12E8H         LINE#         326
  C:12ECH         LINE#         327
  C:12ECH         LINE#         328
  C:12ECH         LINE#         329
  C:12ECH         LINE#         330
  C:12EFH         LINE#         332
  C:12EFH         LINE#         333
  C:12FBH         LINE#         334
  C:12FDH         LINE#         335
  C:1307H         LINE#         336
  C:1307H         LINE#         337
  C:1307H         LINE#         338
  C:1307H         LINE#         339
  C:1307H         LINE#         340
  C:1307H         LINE#         341
  C:130AH         LINE#         342
  C:130AH         LINE#         343
  C:131DH         LINE#         344
  C:131DH         LINE#         345
  C:1323H         LINE#         346
  C:1326H         LINE#         347
  C:1332H         LINE#         348
  C:1335H         LINE#         349
  C:1338H         LINE#         351
  C:1338H         LINE#         352
  C:1351H         LINE#         354
BL51 BANKED LINKER/LOCATER V6.22                                                      05/17/2019  16:38:39  PAGE 57


  C:1351H         LINE#         355
  C:1354H         LINE#         356
  C:1363H         LINE#         357
  C:1363H         LINE#         358
  C:1369H         LINE#         359
  C:136DH         LINE#         360
  C:1370H         LINE#         361
  C:138AH         LINE#         362
  C:138EH         LINE#         363
  C:138EH         LINE#         364
  C:139DH         LINE#         365
  C:13A2H         LINE#         366
  C:13A5H         LINE#         367
  C:13A7H         LINE#         369
  C:13A7H         LINE#         370
  C:13AAH         LINE#         371
  C:13AAH         LINE#         372
  C:13B7H         LINE#         373
  C:13BBH         LINE#         374
  C:13C0H         LINE#         375
  C:13C0H         LINE#         376
  C:13CBH         LINE#         377
  C:13D7H         LINE#         378
  C:13DAH         LINE#         379
  C:13DDH         LINE#         380
  C:13DDH         LINE#         381
  C:13E0H         LINE#         382
  C:13E0H         LINE#         383
  C:1402H         LINE#         384
  C:1402H         LINE#         385
  C:140FH         LINE#         386
  C:1418H         LINE#         387
  C:1418H         LINE#         388
  C:141FH         LINE#         389
  C:141FH         LINE#         390
  C:1438H         LINE#         391
  C:1454H         LINE#         392
  C:1456H         LINE#         393
  C:1456H         LINE#         394
  C:1458H         LINE#         395
  C:1460H         LINE#         396
  C:1460H         LINE#         397
  C:1463H         LINE#         398
  C:1466H         LINE#         399
  C:146CH         LINE#         400
  C:146CH         LINE#         401
  C:1470H         LINE#         402
  C:1470H         LINE#         403
  C:1472H         LINE#         405
  C:1472H         LINE#         406
  C:1476H         LINE#         407
  C:1476H         LINE#         408
  C:1476H         LINE#         409
  C:1476H         LINE#         410
  C:1478H         LINE#         412
  C:1478H         LINE#         413
  C:1484H         LINE#         414
BL51 BANKED LINKER/LOCATER V6.22                                                      05/17/2019  16:38:39  PAGE 58


  C:1486H         LINE#         415
  C:1490H         LINE#         416
  C:1490H         LINE#         417
  C:1490H         LINE#         418
  C:1490H         LINE#         419
  C:1490H         LINE#         420
  C:1490H         LINE#         421
  C:1492H         LINE#         422
  C:1492H         LINE#         423
  C:14B4H         LINE#         424
  C:14B4H         LINE#         425
  C:14C1H         LINE#         426
  C:14CAH         LINE#         427
  C:14CAH         LINE#         428
  C:14D2H         LINE#         429
  C:14D2H         LINE#         430
  C:14D2H         LINE#         431
  C:14D4H         LINE#         432
  C:14DAH         LINE#         433
  C:14DAH         LINE#         434
  C:14DEH         LINE#         435
  C:14DEH         LINE#         436
  C:14E0H         LINE#         438
  C:14E0H         LINE#         439
  C:14E7H         LINE#         440
  C:14E7H         LINE#         441
  C:14E7H         LINE#         442
  C:14E7H         LINE#         443
  C:14E9H         LINE#         445
  C:14E9H         LINE#         446
  C:14F5H         LINE#         447
  C:14F7H         LINE#         448
  C:1501H         LINE#         449
  C:1501H         LINE#         450
  C:150AH         LINE#         451
  C:150DH         LINE#         452
  C:150DH         LINE#         453
  C:150DH         LINE#         454
  C:1510H         LINE#         455
  C:1510H         LINE#         456
  C:1510H         LINE#         457
  C:1510H         LINE#         458
  C:1510H         LINE#         459
  C:1510H         LINE#         460
  C:1510H         LINE#         461
  C:1510H         LINE#         462
  -------         ENDPROC       _XMODEM_SENDFILE
  -------         PROC          _XMODEM_MAIN
  D:0034H         SYMBOL        argc
  D:0035H         SYMBOL        argv
  -------         DO            
  D:0038H         SYMBOL        addr
  D:003CH         SYMBOL        len
  C:2581H         SYMBOL        _print_usage_
  -------         ENDDO         
  C:2463H         LINE#         466
  C:246BH         LINE#         467
BL51 BANKED LINKER/LOCATER V6.22                                                      05/17/2019  16:38:39  PAGE 59


  C:246BH         LINE#         471
  C:2474H         LINE#         472
  C:2492H         LINE#         473
  C:2492H         LINE#         474
  C:249BH         LINE#         475
  C:24B2H         LINE#         476
  C:24E0H         LINE#         477
  C:24EBH         LINE#         479
  C:24EBH         LINE#         480
  C:2509H         LINE#         481
  C:2509H         LINE#         482
  C:250FH         LINE#         483
  C:2526H         LINE#         484
  C:2540H         LINE#         485
  C:2557H         LINE#         486
  C:256AH         LINE#         487
  C:2581H         LINE#         489
  C:2581H         LINE#         490
  C:2581H         LINE#         491
  C:258AH         LINE#         492
  C:25A2H         LINE#         493
  C:25ABH         LINE#         494
  C:25B4H         LINE#         495
  C:25BDH         LINE#         497
  C:25D5H         LINE#         498
  C:25DEH         LINE#         499
  C:25E7H         LINE#         500
  -------         ENDPROC       _XMODEM_MAIN
  -------         ENDMOD        XMODEM

  -------         MODULE        ?C?COPY
  C:00F6H         PUBLIC        ?C?COPY
  -------         ENDMOD        ?C?COPY

  -------         MODULE        ?C?CLDPTR
  C:011CH         PUBLIC        ?C?CLDPTR
  -------         ENDMOD        ?C?CLDPTR

  -------         MODULE        ?C?CLDOPTR
  C:0135H         PUBLIC        ?C?CLDOPTR
  -------         ENDMOD        ?C?CLDOPTR

  -------         MODULE        ?C?CSTPTR
  C:0162H         PUBLIC        ?C?CSTPTR
  -------         ENDMOD        ?C?CSTPTR

  -------         MODULE        ?C?CSTOPTR
  C:0174H         PUBLIC        ?C?CSTOPTR
  -------         ENDMOD        ?C?CSTOPTR

  -------         MODULE        ?C?IMUL
  C:0196H         PUBLIC        ?C?IMUL
  -------         ENDMOD        ?C?IMUL

  -------         MODULE        ?C?UIDIV
  C:01A8H         PUBLIC        ?C?UIDIV
  -------         ENDMOD        ?C?UIDIV
BL51 BANKED LINKER/LOCATER V6.22                                                      05/17/2019  16:38:39  PAGE 60



  -------         MODULE        ?C?IILDX
  C:01FDH         PUBLIC        ?C?IILDX
  -------         ENDMOD        ?C?IILDX

  -------         MODULE        ?C?ILDPTR
  C:0213H         PUBLIC        ?C?ILDPTR
  -------         ENDMOD        ?C?ILDPTR

  -------         MODULE        ?C?ISTPTR
  C:023EH         PUBLIC        ?C?ISTPTR
  -------         ENDMOD        ?C?ISTPTR

  -------         MODULE        ?C?ULDIV
  C:0299H         PUBLIC        ?C?ULDIV
  -------         ENDMOD        ?C?ULDIV

  -------         MODULE        ?C?SLCMP
  C:032BH         PUBLIC        ?C?SLCMP
  -------         ENDMOD        ?C?SLCMP

  -------         MODULE        ?C?ULCMP
  C:0341H         PUBLIC        ?C?ULCMP
  -------         ENDMOD        ?C?ULCMP

  -------         MODULE        ?C?ULSHR
  C:0352H         PUBLIC        ?C?ULSHR
  -------         ENDMOD        ?C?ULSHR

  -------         MODULE        ?C?LSHL
  C:0365H         PUBLIC        ?C?LSHL
  -------         ENDMOD        ?C?LSHL

  -------         MODULE        ?C?LLDIDATA
  C:0378H         PUBLIC        ?C?LLDIDATA
  -------         ENDMOD        ?C?LLDIDATA

  -------         MODULE        ?C?LLDIDATA0
  C:0384H         PUBLIC        ?C?LLDIDATA0
  -------         ENDMOD        ?C?LLDIDATA0

  -------         MODULE        ?C?LSTIDATA
  C:0391H         PUBLIC        ?C?LSTIDATA
  -------         ENDMOD        ?C?LSTIDATA

  -------         MODULE        ?C?LSTXDATA
  C:039DH         PUBLIC        ?C?LSTXDATA
  -------         ENDMOD        ?C?LSTXDATA

  -------         MODULE        ?C?LSTKXDATA
  C:03A9H         PUBLIC        ?C?LSTKXDATA
  -------         ENDMOD        ?C?LSTKXDATA

  -------         MODULE        ?C?PLDPTR
  C:03DAH         PUBLIC        ?C?PLDPTR
  -------         ENDMOD        ?C?PLDPTR

BL51 BANKED LINKER/LOCATER V6.22                                                      05/17/2019  16:38:39  PAGE 61


  -------         MODULE        ?C?PSTPTR
  C:03FAH         PUBLIC        ?C?PSTPTR
  -------         ENDMOD        ?C?PSTPTR

  -------         MODULE        ?C?PLDOPTR
  C:0449H         PUBLIC        ?C?PLDOPTR
  -------         ENDMOD        ?C?PLDOPTR

  -------         MODULE        ?C?CCASE
  C:0479H         PUBLIC        ?C?CCASE
  -------         ENDMOD        ?C?CCASE

  -------         MODULE        PRINTF
  D:0069H         PUBLIC        ?_PRINTF517?BYTE
  D:0069H         PUBLIC        ?_PRINTF?BYTE
  D:0069H         PUBLIC        ?_SPRINTF517?BYTE
  D:0069H         PUBLIC        ?_SPRINTF?BYTE
  C:0C05H         PUBLIC        _PRINTF
  C:0C05H         PUBLIC        _PRINTF517
  C:0BFFH         PUBLIC        _SPRINTF
  C:0BFFH         PUBLIC        _SPRINTF517
  -------         ENDMOD        PRINTF

  -------         MODULE        SCANF
  D:0042H         PUBLIC        ?_SCANF517?BYTE
  D:0042H         PUBLIC        ?_SCANF?BYTE
  D:0042H         PUBLIC        ?_SSCANF517?BYTE
  D:0042H         PUBLIC        ?_SSCANF?BYTE
  C:0F81H         PUBLIC        _SCANF
  C:0F81H         PUBLIC        _SCANF517
  C:0F7DH         PUBLIC        _SSCANF
  C:0F7DH         PUBLIC        _SSCANF517
  -------         ENDMOD        SCANF

  -------         MODULE        ?C?STRCMP
  C:061DH         PUBLIC        ?C?STRCMP
  -------         ENDMOD        ?C?STRCMP

  -------         MODULE        STRLEN
  C:41CBH         PUBLIC        _STRLEN
  -------         ENDMOD        STRLEN

  -------         MODULE        ATOL
  C:2B83H         PUBLIC        _atol
  -------         ENDMOD        ATOL

  -------         MODULE        ?C?MEMSET
  C:063AH         PUBLIC        ?C?MEMSET
  -------         ENDMOD        ?C?MEMSET

  -------         MODULE        ?C?LMUL
  C:0666H         PUBLIC        ?C?LMUL
  -------         ENDMOD        ?C?LMUL

  -------         MODULE        ?C?LNEG
  C:06B5H         PUBLIC        ?C?LNEG
  -------         ENDMOD        ?C?LNEG
BL51 BANKED LINKER/LOCATER V6.22                                                      05/17/2019  16:38:39  PAGE 62



  -------         MODULE        ?C?LSTPTR
  C:06C3H         PUBLIC        ?C?LSTPTR
  -------         ENDMOD        ?C?LSTPTR

  -------         MODULE        ?C?PLDIDATA
  C:06DDH         PUBLIC        ?C?PLDIDATA
  -------         ENDMOD        ?C?PLDIDATA

  -------         MODULE        ?C?PLDIIDATA
  C:06E6H         PUBLIC        ?C?PLDIIDATA
  -------         ENDMOD        ?C?PLDIIDATA

  -------         MODULE        ?C?PILDIDATA
  C:06F6H         PUBLIC        ?C?PILDIDATA
  -------         ENDMOD        ?C?PILDIDATA

  -------         MODULE        ?C?PSTIDATA
  C:0706H         PUBLIC        ?C?PSTIDATA
  -------         ENDMOD        ?C?PSTIDATA

  -------         MODULE        ?C?PLDXDATA
  C:070FH         PUBLIC        ?C?PLDXDATA
  -------         ENDMOD        ?C?PLDXDATA

  -------         MODULE        ?C?PSTXDATA
  C:0718H         PUBLIC        ?C?PSTXDATA
  -------         ENDMOD        ?C?PSTXDATA

  -------         MODULE        ?C?PLDPDATA
  C:0721H         PUBLIC        ?C?PLDPDATA
  -------         ENDMOD        ?C?PLDPDATA

  -------         MODULE        ?C?PSTPDATA
  C:072AH         PUBLIC        ?C?PSTPDATA
  -------         ENDMOD        ?C?PSTPDATA

  -------         MODULE        ?C?PLDCODE
  C:0733H         PUBLIC        ?C?PLDCODE
  -------         ENDMOD        ?C?PLDCODE

  -------         MODULE        GETCHAR
  B:0021H.1       PUBLIC        ?C?CHARLOADED
  D:0008H         PUBLIC        ?_UNGETCHAR?BYTE
  C:422CH         PUBLIC        GETCHAR
  -------         ENDMOD        GETCHAR

  -------         MODULE        UNGETC
  C:431AH         PUBLIC        _UNGETCHAR
  -------         ENDMOD        UNGETC

  -------         MODULE        ISDIGIT
  C:4297H         PUBLIC        _isdigit
  -------         ENDMOD        ISDIGIT

  -------         MODULE        ISSPACE
  C:4207H         PUBLIC        _isspace
BL51 BANKED LINKER/LOCATER V6.22                                                      05/17/2019  16:38:39  PAGE 63


  -------         ENDMOD        ISSPACE

  -------         MODULE        ?C?LSTPDATA
  C:073FH         PUBLIC        ?C?LSTPDATA
  -------         ENDMOD        ?C?LSTPDATA

  -------         MODULE        _GETKEY
  C:42C7H         PUBLIC        _GETKEY
  -------         ENDMOD        _GETKEY

Program Size: data=156.2 xdata=617 code=17202
LINK/LOCATE RUN COMPLETE.  0 WARNING(S),  0 ERROR(S)
